data/price_history.csv
sku_id,category,week,price,units_sold
306307076,T-shirt,1,18.51,88
306307076,T-shirt,2,20.54,74
306307076,T-shirt,3,18.93,85
306307076,T-shirt,4,20.24,76
306307076,T-shirt,5,17.69,94
306307076,T-shirt,6,18.48,88
306307076,T-shirt,7,18.65,87
306307076,T-shirt,8,16.52,105
306307076,T-shirt,9,17.98,92
306307076,T-shirt,10,20.58,74
357130017,T-shirt,1,17.38,87
357130017,T-shirt,2,17.0,90
357130017,T-shirt,3,16.92,91
357130017,T-shirt,4,18.6,78
357130017,T-shirt,5,18.33,80
357130017,T-shirt,6,17.29,88
357130017,T-shirt,7,16.22,97
357130017,T-shirt,8,18.4,79
357130017,T-shirt,9,20.79,65
357130017,T-shirt,10,19.25,74
433444016,T-shirt,1,17.2,54
433444016,T-shirt,2,19.08,46
433444016,T-shirt,3,20.62,40
433444016,T-shirt,4,17.28,54
433444016,T-shirt,5,19.45,44
433444016,T-shirt,6,20.93,39
433444016,T-shirt,7,16.74,57
433444016,T-shirt,8,16.43,58
433444016,T-shirt,9,19.36,45
433444016,T-shirt,10,17.69,52
445419011,T-shirt,1,18.65,36
445419011,T-shirt,2,17.56,40
445419011,T-shirt,3,19.86,33
445419011,T-shirt,4,19.81,33
445419011,T-shirt,5,20.21,32
445419011,T-shirt,6,20.47,31
445419011,T-shirt,7,18.16,38
445419011,T-shirt,8,19.82,33
464363016,T-shirt,1,16.26,107
464363016,T-shirt,2,20.77,72
464363016,T-shirt,3,20.89,71
464363016,T-shirt,4,19.69,78
464363016,T-shirt,5,18.32,88
464363016,T-shirt,6,17.09,98
464363016,T-shirt,7,20.05,76
464363016,T-shirt,8,19.67,79
464363016,T-shirt,9,17.1,98
466948004,T-shirt,1,18.3,103
466948004,T-shirt,2,20.12,89
466948004,T-shirt,3,19.41,94
466948004,T-shirt,4,19.21,95
466948004,T-shirt,5,19.24,95
466948004,T-shirt,6,17.34,112
466948004,T-shirt,7,17.85,107
466948004,T-shirt,8,16.22,125
490793031,T-shirt,1,20.04,80
490793031,T-shirt,2,19.4,84
490793031,T-shirt,3,17.38,101
490793031,T-shirt,4,20.78,76
490793031,T-shirt,5,19.53,84
490793031,T-shirt,6,20.93,75
490793031,T-shirt,7,20.85,75
490793031,T-shirt,8,20.58,77
506166046,T-shirt,1,19.75,32
506166046,T-shirt,2,16.94,41
506166046,T-shirt,3,16.3,44
506166046,T-shirt,4,18.23,37
506166046,T-shirt,5,17.0,41
506166046,T-shirt,6,19.49,33
506166046,T-shirt,7,17.77,38
506166046,T-shirt,8,18.24,37
506166046,T-shirt,9,16.56,43
511817001,T-shirt,1,19.21,72
511817001,T-shirt,2,17.98,80
511817001,T-shirt,3,16.01,97
511817001,T-shirt,4,18.22,78
511817001,T-shirt,5,16.02,96
511817001,T-shirt,6,16.37,93
511817001,T-shirt,7,18.14,79
511817001,T-shirt,8,16.4,93
511817001,T-shirt,9,17.37,85
514810001,T-shirt,1,20.18,86
514810001,T-shirt,2,16.23,122
514810001,T-shirt,3,16.86,115
514810001,T-shirt,4,16.23,122
514810001,T-shirt,5,16.95,114
514810001,T-shirt,6,16.01,125
514810001,T-shirt,7,18.51,99
514810001,T-shirt,8,18.63,98
514810001,T-shirt,9,19.28,93
516000095,T-shirt,1,19.54,70
516000095,T-shirt,2,16.23,94
516000095,T-shirt,3,19.54,70
516000095,T-shirt,4,17.43,84
516000095,T-shirt,5,19.25,72
516000095,T-shirt,6,19.13,72
516000095,T-shirt,7,17.13,87
516000095,T-shirt,8,18.19,79
544290007,T-shirt,1,17.51,110
544290007,T-shirt,2,18.24,103
544290007,T-shirt,3,19.32,93
544290007,T-shirt,4,16.64,119
544290007,T-shirt,5,18.1,104
544290007,T-shirt,6,17.54,109
544290007,T-shirt,7,19.37,93
544290007,T-shirt,8,16.67,119
544290007,T-shirt,9,17.16,113
544290007,T-shirt,10,19.55,92
552852034,T-shirt,1,19.17,98
552852034,T-shirt,2,18.87,100
552852034,T-shirt,3,19.61,94
552852034,T-shirt,4,20.17,90
552852034,T-shirt,5,18.04,108
552852034,T-shirt,6,18.11,107
552852034,T-shirt,7,18.47,104
552852034,T-shirt,8,18.82,101
554772015,T-shirt,1,18.09,37
554772015,T-shirt,2,18.93,34
554772015,T-shirt,3,16.12,45
554772015,T-shirt,4,19.47,33
554772015,T-shirt,5,18.47,36
554772015,T-shirt,6,19.12,34
554772015,T-shirt,7,17.57,39
554772015,T-shirt,8,16.72,42
554772015,T-shirt,9,18.17,37
561445018,T-shirt,1,16.48,95
561445018,T-shirt,2,16.09,99
561445018,T-shirt,3,16.4,96
561445018,T-shirt,4,17.82,84
561445018,T-shirt,5,20.86,65
561445018,T-shirt,6,18.73,77
561445018,T-shirt,7,19.76,71
561445018,T-shirt,8,17.6,85
561445018,T-shirt,9,19.59,72
564043001,T-shirt,1,19.18,40
564043001,T-shirt,2,17.06,48
564043001,T-shirt,3,17.87,45
564043001,T-shirt,4,17.07,48
564043001,T-shirt,5,20.5,36
564043001,T-shirt,6,17.18,48
564043001,T-shirt,7,16.6,51
564043001,T-shirt,8,16.17,53
570003040,T-shirt,1,19.15,80
570003040,T-shirt,2,19.11,80
570003040,T-shirt,3,17.94,89
570003040,T-shirt,4,16.05,106
570003040,T-shirt,5,16.86,98
570003040,T-shirt,6,16.73,99
570003040,T-shirt,7,16.57,101
570003040,T-shirt,8,19.26,79
570003040,T-shirt,9,16.67,100
570003040,T-shirt,10,16.42,102
572262002,T-shirt,1,20.66,89
572262002,T-shirt,2,17.45,116
572262002,T-shirt,3,18.55,105
572262002,T-shirt,4,20.02,93
572262002,T-shirt,5,19.45,98
572262002,T-shirt,6,19.75,95
572262002,T-shirt,7,19.85,95
572262002,T-shirt,8,18.69,104
573152031,T-shirt,1,18.94,46
573152031,T-shirt,2,17.34,53
573152031,T-shirt,3,18.91,46
573152031,T-shirt,4,19.94,43
573152031,T-shirt,5,17.74,52
573152031,T-shirt,6,17.2,54
573152031,T-shirt,7,19.62,44
573152031,T-shirt,8,19.92,43
573152031,T-shirt,9,20.76,40
578630014,T-shirt,1,17.23,106
578630014,T-shirt,2,18.32,96
578630014,T-shirt,3,18.88,92
578630014,T-shirt,4,19.55,87
578630014,T-shirt,5,19.38,88
578630014,T-shirt,6,17.2,106
578630014,T-shirt,7,16.19,117
578630014,T-shirt,8,20.15,82
579121005,T-shirt,1,19.66,37
579121005,T-shirt,2,16.06,52
579121005,T-shirt,3,18.13,43
579121005,T-shirt,4,17.58,45
579121005,T-shirt,5,20.25,36
579121005,T-shirt,6,20.76,34
579121005,T-shirt,7,18.11,43
579121005,T-shirt,8,20.85,34
579121005,T-shirt,9,16.06,52
581452003,T-shirt,1,20.3,89
581452003,T-shirt,2,16.02,131
581452003,T-shirt,3,19.74,93
581452003,T-shirt,4,18.86,100
581452003,T-shirt,5,16.46,125
581452003,T-shirt,6,20.65,87
581452003,T-shirt,7,19.87,92
581452003,T-shirt,8,16.72,122
581452003,T-shirt,9,20.81,86
581452003,T-shirt,10,16.62,123
582340004,T-shirt,1,19.32,36
582340004,T-shirt,2,16.71,46
582340004,T-shirt,3,17.34,43
582340004,T-shirt,4,20.91,32
582340004,T-shirt,5,20.89,32
582340004,T-shirt,6,17.61,42
582340004,T-shirt,7,17.2,44
582340004,T-shirt,8,17.14,44
588705003,T-shirt,1,18.07,68
588705003,T-shirt,2,18.71,64
588705003,T-shirt,3,19.66,59
588705003,T-shirt,4,16.29,80
588705003,T-shirt,5,18.27,66
588705003,T-shirt,6,16.47,79
588705003,T-shirt,7,19.62,59
588705003,T-shirt,8,19.03,62
588705003,T-shirt,9,17.63,70
592837001,T-shirt,1,16.14,107
592837001,T-shirt,2,16.93,99
592837001,T-shirt,3,19.07,81
592837001,T-shirt,4,19.96,76
592837001,T-shirt,5,20.41,73
592837001,T-shirt,6,17.49,94
592837001,T-shirt,7,17.95,90
592837001,T-shirt,8,18.26,87
592837001,T-shirt,9,16.13,107
592837001,T-shirt,10,20.31,74
596329003,T-shirt,1,18.72,108
596329003,T-shirt,2,16.55,132
596329003,T-shirt,3,16.76,129
596329003,T-shirt,4,18.64,109
596329003,T-shirt,5,17.37,122
596329003,T-shirt,6,19.14,105
596329003,T-shirt,7,17.85,117
596329003,T-shirt,8,17.1,125
596428002,T-shirt,1,18.79,64
596428002,T-shirt,2,18.15,67
596428002,T-shirt,3,18.94,63
596428002,T-shirt,4,19.47,60
596428002,T-shirt,5,18.85,63
596428002,T-shirt,6,18.78,64
596428002,T-shirt,7,18.17,67
596428002,T-shirt,8,18.14,67
596428002,T-shirt,9,18.45,65
604847004,T-shirt,1,17.99,73
604847004,T-shirt,2,19.92,62
604847004,T-shirt,3,19.7,63
604847004,T-shirt,4,20.93,57
604847004,T-shirt,5,19.86,62
604847004,T-shirt,6,17.41,77
604847004,T-shirt,7,16.07,87
604847004,T-shirt,8,20.83,58
604847004,T-shirt,9,19.57,64
604847004,T-shirt,10,20.05,61
607347010,T-shirt,1,17.22,124
607347010,T-shirt,2,17.38,122
607347010,T-shirt,3,17.61,120
607347010,T-shirt,4,18.98,106
607347010,T-shirt,5,17.03,126
607347010,T-shirt,6,16.2,137
607347010,T-shirt,7,19.45,102
607347010,T-shirt,8,16.1,138
610776006,T-shirt,1,20.95,45
610776006,T-shirt,2,19.91,49
610776006,T-shirt,3,19.21,52
610776006,T-shirt,4,18.81,54
610776006,T-shirt,5,20.68,46
610776006,T-shirt,6,18.63,54
610776006,T-shirt,7,18.0,57
610776006,T-shirt,8,20.16,48
610776006,T-shirt,9,20.69,46
619561002,T-shirt,1,16.45,54
619561002,T-shirt,2,20.75,37
619561002,T-shirt,3,18.27,46
619561002,T-shirt,4,20.46,38
619561002,T-shirt,5,19.27,42
619561002,T-shirt,6,16.52,54
619561002,T-shirt,7,18.08,46
619561002,T-shirt,8,16.97,51
620424053,T-shirt,1,18.62,35
620424053,T-shirt,2,19.87,32
620424053,T-shirt,3,20.01,31
620424053,T-shirt,4,20.18,31
620424053,T-shirt,5,17.05,41
620424053,T-shirt,6,18.28,36
620424053,T-shirt,7,20.14,31
620424053,T-shirt,8,20.7,30
621522001,T-shirt,1,16.59,99
621522001,T-shirt,2,19.44,77
621522001,T-shirt,3,19.68,75
621522001,T-shirt,4,19.6,76
621522001,T-shirt,5,18.34,84
621522001,T-shirt,6,20.21,72
621522001,T-shirt,7,19.02,80
621522001,T-shirt,8,20.96,68
621522026,T-shirt,1,20.05,50
621522026,T-shirt,2,20.63,48
621522026,T-shirt,3,16.79,67
621522026,T-shirt,4,18.6,57
621522026,T-shirt,5,16.6,68
621522026,T-shirt,6,19.97,51
621522026,T-shirt,7,18.05,60
621522026,T-shirt,8,19.47,53
621522026,T-shirt,9,16.14,71
621522026,T-shirt,10,19.88,51
623330001,T-shirt,1,18.51,93
623330001,T-shirt,2,20.95,76
623330001,T-shirt,3,19.8,84
623330001,T-shirt,4,17.31,104
623330001,T-shirt,5,17.14,106
623330001,T-shirt,6,16.79,109
623330001,T-shirt,7,20.02,82
623330001,T-shirt,8,17.53,102
623330001,T-shirt,9,19.37,87
623330001,T-shirt,10,18.69,92
623784006,T-shirt,1,17.78,57
623784006,T-shirt,2,20.37,46
623784006,T-shirt,3,18.63,53
623784006,T-shirt,4,18.05,56
623784006,T-shirt,5,19.74,48
623784006,T-shirt,6,20.52,46
623784006,T-shirt,7,20.08,47
623784006,T-shirt,8,18.47,54
625939035,T-shirt,1,19.11,38
625939035,T-shirt,2,19.27,38
625939035,T-shirt,3,16.14,50
625939035,T-shirt,4,18.67,40
625939035,T-shirt,5,20.07,35
625939035,T-shirt,6,17.02,46
625939035,T-shirt,7,18.65,40
625939035,T-shirt,8,18.23,41
626257007,T-shirt,1,18.0,47
626257007,T-shirt,2,17.26,50
626257007,T-shirt,3,20.88,37
626257007,T-shirt,4,16.86,52
626257007,T-shirt,5,17.31,50
626257007,T-shirt,6,16.03,56
626257007,T-shirt,7,18.89,43
626257007,T-shirt,8,20.29,39
627067003,T-shirt,1,17.2,41
627067003,T-shirt,2,16.35,45
627067003,T-shirt,3,16.11,46
627067003,T-shirt,4,18.31,37
627067003,T-shirt,5,20.58,31
627067003,T-shirt,6,16.08,46
627067003,T-shirt,7,19.62,34
627067003,T-shirt,8,17.29,41
627067003,T-shirt,9,17.09,42
627067003,T-shirt,10,19.51,34
628331005,T-shirt,1,20.43,93
628331005,T-shirt,2,17.99,114
628331005,T-shirt,3,19.75,98
628331005,T-shirt,4,20.56,92
628331005,T-shirt,5,17.56,119
628331005,T-shirt,6,17.63,118
628331005,T-shirt,7,18.72,107
628331005,T-shirt,8,18.03,114
628331005,T-shirt,9,19.8,98
628331005,T-shirt,10,18.68,108
630777017,T-shirt,1,19.07,69
630777017,T-shirt,2,18.1,75
630777017,T-shirt,3,17.54,78
630777017,T-shirt,4,20.13,63
630777017,T-shirt,5,18.53,72
630777017,T-shirt,6,18.47,72
630777017,T-shirt,7,16.56,86
630777017,T-shirt,8,17.08,82
630777017,T-shirt,9,17.79,77
633162020,T-shirt,1,18.69,43
633162020,T-shirt,2,17.95,46
633162020,T-shirt,3,19.09,41
633162020,T-shirt,4,17.95,46
633162020,T-shirt,5,18.78,43
633162020,T-shirt,6,17.97,46
633162020,T-shirt,7,20.5,37
633162020,T-shirt,8,17.86,46
640882001,T-shirt,1,20.05,53
640882001,T-shirt,2,19.81,54
640882001,T-shirt,3,18.45,61
640882001,T-shirt,4,17.8,65
640882001,T-shirt,5,17.98,63
640882001,T-shirt,6,20.53,51
640882001,T-shirt,7,16.84,71
640882001,T-shirt,8,20.3,52
640882001,T-shirt,9,16.97,70
641550002,T-shirt,1,19.93,67
641550002,T-shirt,2,20.58,63
641550002,T-shirt,3,18.48,75
641550002,T-shirt,4,16.51,90
641550002,T-shirt,5,16.19,93
641550002,T-shirt,6,16.93,87
641550002,T-shirt,7,20.14,66
641550002,T-shirt,8,18.86,73
641550002,T-shirt,9,16.69,89
647684009,T-shirt,1,16.77,112
647684009,T-shirt,2,19.09,91
647684009,T-shirt,3,19.21,90
647684009,T-shirt,4,18.85,93
647684009,T-shirt,5,18.1,99
647684009,T-shirt,6,18.9,92
647684009,T-shirt,7,18.66,94
647684009,T-shirt,8,20.71,80
647684011,T-shirt,1,17.96,79
647684011,T-shirt,2,18.84,73
647684011,T-shirt,3,18.82,73
647684011,T-shirt,4,18.54,75
647684011,T-shirt,5,16.28,93
647684011,T-shirt,6,19.55,69
647684011,T-shirt,7,19.65,68
647684011,T-shirt,8,18.41,76
647684011,T-shirt,9,20.5,64
647684011,T-shirt,10,20.91,62
651456013,T-shirt,1,17.48,107
651456013,T-shirt,2,19.27,92
651456013,T-shirt,3,17.85,104
651456013,T-shirt,4,20.44,83
651456013,T-shirt,5,17.86,104
651456013,T-shirt,6,17.88,103
651456013,T-shirt,7,19.79,88
651456013,T-shirt,8,18.94,94
653275035,T-shirt,1,19.5,76
653275035,T-shirt,2,18.06,87
653275035,T-shirt,3,18.2,85
653275035,T-shirt,4,16.61,99
653275035,T-shirt,5,18.34,84
653275035,T-shirt,6,20.8,69
653275035,T-shirt,7,16.56,100
653275035,T-shirt,8,18.83,81
653275035,T-shirt,9,16.08,104
655769002,T-shirt,1,20.44,60
655769002,T-shirt,2,19.32,66
655769002,T-shirt,3,19.7,64
655769002,T-shirt,4,17.93,74
655769002,T-shirt,5,20.68,59
655769002,T-shirt,6,19.51,65
655769002,T-shirt,7,16.35,86
655769002,T-shirt,8,18.97,68
655769002,T-shirt,9,16.47,85
658517001,T-shirt,1,19.89,93
658517001,T-shirt,2,16.05,132
658517001,T-shirt,3,17.42,115
658517001,T-shirt,4,16.08,131
658517001,T-shirt,5,16.01,132
658517001,T-shirt,6,16.15,130
658517001,T-shirt,7,18.6,104
658517001,T-shirt,8,16.45,127
658518001,T-shirt,1,18.57,65
658518001,T-shirt,2,17.22,73
658518001,T-shirt,3,20.18,57
658518001,T-shirt,4,18.54,65
658518001,T-shirt,5,17.75,70
658518001,T-shirt,6,18.83,63
658518001,T-shirt,7,19.35,61
658518001,T-shirt,8,18.78,64
658518001,T-shirt,9,20.65,55
669714005,T-shirt,1,20.93,81
669714005,T-shirt,2,18.1,103
669714005,T-shirt,3,17.0,114
669714005,T-shirt,4,18.48,99
669714005,T-shirt,5,18.47,99
669714005,T-shirt,6,18.32,101
669714005,T-shirt,7,16.09,124
669714005,T-shirt,8,16.63,118
669714005,T-shirt,9,16.7,117
669714005,T-shirt,10,17.75,106
671777022,T-shirt,1,17.28,61
671777022,T-shirt,2,17.25,62
671777022,T-shirt,3,18.25,56
671777022,T-shirt,4,17.28,61
671777022,T-shirt,5,16.14,69
671777022,T-shirt,6,16.52,66
671777022,T-shirt,7,20.24,48
671777022,T-shirt,8,20.4,47
678342008,T-shirt,1,20.97,58
678342008,T-shirt,2,16.37,86
678342008,T-shirt,3,17.67,76
678342008,T-shirt,4,20.7,59
678342008,T-shirt,5,18.3,72
678342008,T-shirt,6,17.55,77
678342008,T-shirt,7,19.01,68
678342008,T-shirt,8,19.31,66
679232002,T-shirt,1,18.87,73
679232002,T-shirt,2,20.12,66
679232002,T-shirt,3,18.41,76
679232002,T-shirt,4,16.48,91
679232002,T-shirt,5,16.93,87
679232002,T-shirt,6,19.78,68
679232002,T-shirt,7,20.31,65
679232002,T-shirt,8,18.33,76
679232002,T-shirt,9,18.45,76
679232002,T-shirt,10,18.24,77
679236001,T-shirt,1,16.16,68
679236001,T-shirt,2,20.36,47
679236001,T-shirt,3,16.67,65
679236001,T-shirt,4,17.02,63
679236001,T-shirt,5,18.63,54
679236001,T-shirt,6,20.35,47
679236001,T-shirt,7,18.06,57
679236001,T-shirt,8,17.46,60
679236001,T-shirt,9,18.0,57
679236001,T-shirt,10,16.46,66
683356005,T-shirt,1,18.15,39
683356005,T-shirt,2,18.59,38
683356005,T-shirt,3,19.88,34
683356005,T-shirt,4,19.55,35
683356005,T-shirt,5,18.54,38
683356005,T-shirt,6,20.83,31
683356005,T-shirt,7,16.17,47
683356005,T-shirt,8,16.26,47
683356005,T-shirt,9,18.13,39
683356005,T-shirt,10,16.78,44
684021027,T-shirt,1,18.9,86
684021027,T-shirt,2,18.25,91
684021027,T-shirt,3,20.85,73
684021027,T-shirt,4,17.62,96
684021027,T-shirt,5,18.11,92
684021027,T-shirt,6,19.68,81
684021027,T-shirt,7,18.62,88
684021027,T-shirt,8,19.28,83
684021027,T-shirt,9,20.87,73
687426001,T-shirt,1,16.51,119
687426001,T-shirt,2,18.41,100
687426001,T-shirt,3,20.78,82
687426001,T-shirt,4,17.73,106
687426001,T-shirt,5,19.69,90
687426001,T-shirt,6,20.64,83
687426001,T-shirt,7,17.19,112
687426001,T-shirt,8,16.4,120
687426001,T-shirt,9,16.37,121
687426001,T-shirt,10,16.36,121
688341002,T-shirt,1,19.01,36
688341002,T-shirt,2,16.63,45
688341002,T-shirt,3,17.59,41
688341002,T-shirt,4,17.49,42
688341002,T-shirt,5,19.19,36
688341002,T-shirt,6,18.93,37
688341002,T-shirt,7,17.38,42
688341002,T-shirt,8,17.55,41
688341002,T-shirt,9,18.58,38
691735008,T-shirt,1,20.46,90
691735008,T-shirt,2,16.83,123
691735008,T-shirt,3,16.44,128
691735008,T-shirt,4,20.46,90
691735008,T-shirt,5,18.52,106
691735008,T-shirt,6,18.69,104
691735008,T-shirt,7,20.44,90
691735008,T-shirt,8,19.74,95
691735008,T-shirt,9,19.64,96
691761002,T-shirt,1,18.49,60
691761002,T-shirt,2,16.49,72
691761002,T-shirt,3,20.48,50
691761002,T-shirt,4,17.66,64
691761002,T-shirt,5,18.44,60
691761002,T-shirt,6,19.31,56
691761002,T-shirt,7,19.59,54
691761002,T-shirt,8,17.88,63
697349008,T-shirt,1,20.32,81
697349008,T-shirt,2,20.59,80
697349008,T-shirt,3,19.46,87
697349008,T-shirt,4,16.77,111
697349008,T-shirt,5,20.43,81
697349008,T-shirt,6,17.01,108
697349008,T-shirt,7,16.26,116
697349008,T-shirt,8,18.18,97
697349008,T-shirt,9,19.41,88
697814004,T-shirt,1,16.84,82
697814004,T-shirt,2,20.52,60
697814004,T-shirt,3,18.26,72
697814004,T-shirt,4,16.75,83
697814004,T-shirt,5,19.51,65
697814004,T-shirt,6,19.63,64
697814004,T-shirt,7,16.22,88
697814004,T-shirt,8,17.66,76
699923109,T-shirt,1,19.2,99
699923109,T-shirt,2,20.21,91
699923109,T-shirt,3,16.04,132
699923109,T-shirt,4,18.39,106
699923109,T-shirt,5,19.01,100
699923109,T-shirt,6,17.0,120
699923109,T-shirt,7,16.79,122
699923109,T-shirt,8,16.67,124
699923109,T-shirt,9,17.42,115
699923109,T-shirt,10,20.11,92
700906001,T-shirt,1,19.18,102
700906001,T-shirt,2,16.0,137
700906001,T-shirt,3,20.33,93
700906001,T-shirt,4,20.54,91
700906001,T-shirt,5,20.35,93
700906001,T-shirt,6,19.35,101
700906001,T-shirt,7,16.13,135
700906001,T-shirt,8,20.74,90
700906001,T-shirt,9,16.33,132
700906001,T-shirt,10,16.74,127
703284014,T-shirt,1,18.9,33
703284014,T-shirt,2,19.99,31
703284014,T-shirt,3,20.52,29
703284014,T-shirt,4,16.74,41
703284014,T-shirt,5,17.34,38
703284014,T-shirt,6,18.0,36
703284014,T-shirt,7,19.1,33
703284014,T-shirt,8,19.83,31
703284014,T-shirt,9,17.72,37
703284014,T-shirt,10,20.2,30
710426001,T-shirt,1,16.14,109
710426001,T-shirt,2,17.91,92
710426001,T-shirt,3,16.97,101
710426001,T-shirt,4,16.41,106
710426001,T-shirt,5,20.86,72
710426001,T-shirt,6,16.82,102
710426001,T-shirt,7,18.15,91
710426001,T-shirt,8,17.27,98
710426001,T-shirt,9,18.45,88
710426001,T-shirt,10,19.82,79
