data/price_history.csv
sku_id,category,week,price,units_sold
712712007,T-shirt,1,19.38,102
712712007,T-shirt,2,20.02,97
712712007,T-shirt,3,18.62,109
712712007,T-shirt,4,19.16,104
712712007,T-shirt,5,20.49,94
712712007,T-shirt,6,16.62,131
712712007,T-shirt,7,16.27,136
712712007,T-shirt,8,20.9,91
712712007,T-shirt,9,20.4,94
724984004,T-shirt,1,19.82,57
724984004,T-shirt,2,20.1,56
724984004,T-shirt,3,20.95,52
724984004,T-shirt,4,17.5,70
724984004,T-shirt,5,19.13,61
724984004,T-shirt,6,17.27,72
724984004,T-shirt,7,20.26,55
724984004,T-shirt,8,18.92,62
724984004,T-shirt,9,16.87,74
724984004,T-shirt,10,18.1,66
725038005,T-shirt,1,20.59,87
725038005,T-shirt,2,16.48,125
725038005,T-shirt,3,16.4,126
725038005,T-shirt,4,16.92,120
725038005,T-shirt,5,19.22,97
725038005,T-shirt,6,17.5,113
725038005,T-shirt,7,17.19,117
725038005,T-shirt,8,19.99,92
725038005,T-shirt,9,17.21,116
725038005,T-shirt,10,20.79,86
730609002,T-shirt,1,18.2,40
730609002,T-shirt,2,18.04,41
730609002,T-shirt,3,16.11,49
730609002,T-shirt,4,19.85,35
730609002,T-shirt,5,20.82,32
730609002,T-shirt,6,16.65,46
730609002,T-shirt,7,17.44,43
730609002,T-shirt,8,20.22,34
733029001,T-shirt,1,17.3,57
733029001,T-shirt,2,17.0,59
733029001,T-shirt,3,20.41,44
733029001,T-shirt,4,17.51,56
733029001,T-shirt,5,18.91,50
733029001,T-shirt,6,19.67,47
733029001,T-shirt,7,18.09,53
733029001,T-shirt,8,16.5,62
733029001,T-shirt,9,20.6,43
733029001,T-shirt,10,19.23,48
734566001,T-shirt,1,18.26,92
734566001,T-shirt,2,18.98,86
734566001,T-shirt,3,16.33,110
734566001,T-shirt,4,18.72,88
734566001,T-shirt,5,18.55,90
734566001,T-shirt,6,16.9,104
734566001,T-shirt,7,18.66,89
734566001,T-shirt,8,18.31,92
735749019,T-shirt,1,19.44,56
735749019,T-shirt,2,16.94,70
735749019,T-shirt,3,19.75,55
735749019,T-shirt,4,16.49,73
735749019,T-shirt,5,19.86,54
735749019,T-shirt,6,19.5,56
735749019,T-shirt,7,20.55,51
735749019,T-shirt,8,20.06,53
735749019,T-shirt,9,20.21,53
736198019,T-shirt,1,20.0,81
736198019,T-shirt,2,16.9,107
736198019,T-shirt,3,17.04,105
736198019,T-shirt,4,20.5,78
736198019,T-shirt,5,19.7,83
736198019,T-shirt,6,17.3,103
736198019,T-shirt,7,19.59,84
736198019,T-shirt,8,18.28,94
744109006,T-shirt,1,18.19,97
744109006,T-shirt,2,18.25,97
744109006,T-shirt,3,16.28,116
744109006,T-shirt,4,16.26,116
744109006,T-shirt,5,16.3,116
744109006,T-shirt,6,19.66,86
744109006,T-shirt,7,19.0,91
744109006,T-shirt,8,16.67,112
746308010,T-shirt,1,18.88,81
746308010,T-shirt,2,19.57,76
746308010,T-shirt,3,19.18,79
746308010,T-shirt,4,18.51,83
746308010,T-shirt,5,20.79,69
746308010,T-shirt,6,19.51,76
746308010,T-shirt,7,19.43,77
746308010,T-shirt,8,19.44,77
746308010,T-shirt,9,18.32,85
753210002,T-shirt,1,16.89,43
753210002,T-shirt,2,18.6,37
753210002,T-shirt,3,18.11,38
753210002,T-shirt,4,20.58,31
753210002,T-shirt,5,18.78,36
753210002,T-shirt,6,18.32,37
753210002,T-shirt,7,18.92,36
753210002,T-shirt,8,19.55,34
753210002,T-shirt,9,16.15,46
753210002,T-shirt,10,17.23,41
755566001,T-shirt,1,20.45,90
755566001,T-shirt,2,16.21,131
755566001,T-shirt,3,18.46,106
755566001,T-shirt,4,16.65,125
755566001,T-shirt,5,20.62,89
755566001,T-shirt,6,20.58,89
755566001,T-shirt,7,16.69,125
755566001,T-shirt,8,16.58,126
757206005,T-shirt,1,17.72,54
757206005,T-shirt,2,18.46,51
757206005,T-shirt,3,18.07,52
757206005,T-shirt,4,19.43,47
757206005,T-shirt,5,19.13,48
757206005,T-shirt,6,18.38,51
757206005,T-shirt,7,16.23,62
757206005,T-shirt,8,17.31,56
757206005,T-shirt,9,17.56,55
757206005,T-shirt,10,19.65,46
757813003,T-shirt,1,20.93,67
757813003,T-shirt,2,18.31,84
757813003,T-shirt,3,20.95,67
757813003,T-shirt,4,18.88,79
757813003,T-shirt,5,16.29,101
757813003,T-shirt,6,16.54,98
757813003,T-shirt,7,18.56,82
757813003,T-shirt,8,20.6,69
757813003,T-shirt,9,16.48,99
757813003,T-shirt,10,18.85,80
757871002,T-shirt,1,18.46,101
757871002,T-shirt,2,19.57,92
757871002,T-shirt,3,18.03,104
757871002,T-shirt,4,19.41,93
757871002,T-shirt,5,20.91,82
757871002,T-shirt,6,16.76,117
757871002,T-shirt,7,18.17,103
757871002,T-shirt,8,19.48,92
757871002,T-shirt,9,20.27,87
757871002,T-shirt,10,19.18,95
761310004,T-shirt,1,16.03,78
761310004,T-shirt,2,16.9,71
761310004,T-shirt,3,18.18,64
761310004,T-shirt,4,19.44,57
761310004,T-shirt,5,18.92,60
761310004,T-shirt,6,20.37,53
761310004,T-shirt,7,17.32,69
761310004,T-shirt,8,18.69,61
761323002,T-shirt,1,20.07,69
761323002,T-shirt,2,16.11,98
761323002,T-shirt,3,17.25,88
761323002,T-shirt,4,18.4,79
761323002,T-shirt,5,18.67,78
761323002,T-shirt,6,18.02,82
761323002,T-shirt,7,17.68,85
761323002,T-shirt,8,18.24,81
761323002,T-shirt,9,17.82,84
766453003,T-shirt,1,19.51,80
766453003,T-shirt,2,16.45,105
766453003,T-shirt,3,16.41,105
766453003,T-shirt,4,18.85,84
766453003,T-shirt,5,18.73,85
766453003,T-shirt,6,16.46,105
766453003,T-shirt,7,18.14,89
766453003,T-shirt,8,19.16,82
766453003,T-shirt,9,18.7,85
767116002,T-shirt,1,20.67,64
767116002,T-shirt,2,18.8,75
767116002,T-shirt,3,18.53,76
767116002,T-shirt,4,18.27,78
767116002,T-shirt,5,19.86,68
767116002,T-shirt,6,20.17,67
767116002,T-shirt,7,16.63,91
767116002,T-shirt,8,18.03,80
767868001,T-shirt,1,16.08,72
767868001,T-shirt,2,19.01,55
767868001,T-shirt,3,18.53,57
767868001,T-shirt,4,18.14,59
767868001,T-shirt,5,16.25,71
767868001,T-shirt,6,16.52,69
767868001,T-shirt,7,17.56,62
767868001,T-shirt,8,17.2,64
791492003,T-shirt,1,20.34,89
791492003,T-shirt,2,16.98,119
791492003,T-shirt,3,19.05,99
791492003,T-shirt,4,16.98,119
791492003,T-shirt,5,20.09,91
791492003,T-shirt,6,17.26,116
791492003,T-shirt,7,19.14,98
791492003,T-shirt,8,18.94,100
791492003,T-shirt,9,17.86,110
793685001,T-shirt,1,16.08,118
793685001,T-shirt,2,16.12,118
793685001,T-shirt,3,19.59,86
793685001,T-shirt,4,16.46,114
793685001,T-shirt,5,17.09,107
793685001,T-shirt,6,19.48,87
793685001,T-shirt,7,17.24,106
793685001,T-shirt,8,18.44,95
793685001,T-shirt,9,17.97,99
811404003,T-shirt,1,18.9,89
811404003,T-shirt,2,20.51,78
811404003,T-shirt,3,16.49,111
811404003,T-shirt,4,20.69,77
811404003,T-shirt,5,18.41,93
811404003,T-shirt,6,16.13,115
811404003,T-shirt,7,20.56,78
811404003,T-shirt,8,20.65,77
811404003,T-shirt,9,20.71,77
813051009,T-shirt,1,17.29,50
813051009,T-shirt,2,19.64,41
813051009,T-shirt,3,18.97,43
813051009,T-shirt,4,19.64,41
813051009,T-shirt,5,19.48,41
813051009,T-shirt,6,20.47,38
813051009,T-shirt,7,19.36,42
813051009,T-shirt,8,19.99,40
814741001,T-shirt,1,18.22,73
814741001,T-shirt,2,19.79,64
814741001,T-shirt,3,16.96,81
814741001,T-shirt,4,19.07,67
814741001,T-shirt,5,19.61,64
814741001,T-shirt,6,17.8,75
814741001,T-shirt,7,18.39,71
814741001,T-shirt,8,16.31,87
814741001,T-shirt,9,17.34,79
817166007,T-shirt,1,19.66,49
817166007,T-shirt,2,18.67,53
817166007,T-shirt,3,19.67,49
817166007,T-shirt,4,20.2,47
817166007,T-shirt,5,18.53,54
817166007,T-shirt,6,19.47,50
817166007,T-shirt,7,16.05,68
817166007,T-shirt,8,16.14,67
817166007,T-shirt,9,19.0,52
821421001,T-shirt,1,16.05,129
821421001,T-shirt,2,16.89,119
821421001,T-shirt,3,18.03,107
821421001,T-shirt,4,19.74,92
821421001,T-shirt,5,17.91,108
821421001,T-shirt,6,17.02,117
821421001,T-shirt,7,20.13,89
821421001,T-shirt,8,17.7,110
821421001,T-shirt,9,16.56,122
821421001,T-shirt,10,19.16,97
824628002,T-shirt,1,20.67,91
824628002,T-shirt,2,17.5,120
824628002,T-shirt,3,16.19,135
824628002,T-shirt,4,18.31,111
824628002,T-shirt,5,16.2,135
824628002,T-shirt,6,17.29,122
824628002,T-shirt,7,19.33,102
824628002,T-shirt,8,18.28,111
825720001,T-shirt,1,19.17,37
825720001,T-shirt,2,16.03,49
825720001,T-shirt,3,19.96,35
825720001,T-shirt,4,18.63,39
825720001,T-shirt,5,18.05,41
825720001,T-shirt,6,18.19,40
825720001,T-shirt,7,18.26,40
825720001,T-shirt,8,20.25,34
826941001,T-shirt,1,16.56,52
826941001,T-shirt,2,16.58,52
826941001,T-shirt,3,16.16,54
826941001,T-shirt,4,16.73,51
826941001,T-shirt,5,18.73,43
826941001,T-shirt,6,18.22,45
826941001,T-shirt,7,19.46,40
826941001,T-shirt,8,20.45,37
826941001,T-shirt,9,17.87,46
829962002,T-shirt,1,16.79,88
829962002,T-shirt,2,18.19,77
829962002,T-shirt,3,19.02,72
829962002,T-shirt,4,18.1,78
829962002,T-shirt,5,20.37,65
829962002,T-shirt,6,19.21,71
829962002,T-shirt,7,19.4,70
829962002,T-shirt,8,20.4,64
829962002,T-shirt,9,16.64,89
829962002,T-shirt,10,18.23,77
842761008,T-shirt,1,16.54,134
842761008,T-shirt,2,18.81,109
842761008,T-shirt,3,19.34,104
842761008,T-shirt,4,17.45,123
842761008,T-shirt,5,20.17,97
842761008,T-shirt,6,19.93,99
842761008,T-shirt,7,20.4,95
842761008,T-shirt,8,17.7,120
842761008,T-shirt,9,20.66,93
866724001,T-shirt,1,16.78,43
866724001,T-shirt,2,16.87,43
866724001,T-shirt,3,17.93,39
866724001,T-shirt,4,17.24,41
866724001,T-shirt,5,17.1,42
866724001,T-shirt,6,18.03,38
866724001,T-shirt,7,17.04,42
866724001,T-shirt,8,20.71,31
868499001,T-shirt,1,20.89,46
868499001,T-shirt,2,19.11,53
868499001,T-shirt,3,20.24,49
868499001,T-shirt,4,16.72,66
868499001,T-shirt,5,18.46,56
868499001,T-shirt,6,19.81,50
868499001,T-shirt,7,16.2,69
868499001,T-shirt,8,18.15,58
870526009,T-shirt,1,16.71,95
870526009,T-shirt,2,16.85,94
870526009,T-shirt,3,16.03,102
870526009,T-shirt,4,20.31,70
870526009,T-shirt,5,20.21,70
870526009,T-shirt,6,17.95,85
870526009,T-shirt,7,16.01,102
870526009,T-shirt,8,20.66,68
870526009,T-shirt,9,16.85,94
887659010,T-shirt,1,20.53,57
887659010,T-shirt,2,16.82,79
887659010,T-shirt,3,18.4,68
887659010,T-shirt,4,18.23,69
887659010,T-shirt,5,20.53,57
887659010,T-shirt,6,20.42,57
887659010,T-shirt,7,20.3,58
887659010,T-shirt,8,19.72,61
887659010,T-shirt,9,20.57,57
888207004,T-shirt,1,19.99,38
888207004,T-shirt,2,17.48,47
888207004,T-shirt,3,18.45,43
888207004,T-shirt,4,17.11,48
888207004,T-shirt,5,17.86,45
888207004,T-shirt,6,17.39,47
888207004,T-shirt,7,20.69,35
888207004,T-shirt,8,20.51,36
888732004,T-shirt,1,18.06,81
888732004,T-shirt,2,18.64,77
888732004,T-shirt,3,18.29,79
888732004,T-shirt,4,19.54,71
888732004,T-shirt,5,19.17,73
888732004,T-shirt,6,19.52,71
888732004,T-shirt,7,17.15,88
888732004,T-shirt,8,19.13,74
888732004,T-shirt,9,18.6,77
890684001,T-shirt,1,19.64,68
890684001,T-shirt,2,18.12,78
890684001,T-shirt,3,18.65,74
890684001,T-shirt,4,17.01,86
890684001,T-shirt,5,17.7,81
890684001,T-shirt,6,16.38,92
890684001,T-shirt,7,16.16,94
890684001,T-shirt,8,19.28,70
890684001,T-shirt,9,18.95,72
892823002,T-shirt,1,19.86,79
892823002,T-shirt,2,20.04,78
892823002,T-shirt,3,16.67,105
892823002,T-shirt,4,20.95,73
892823002,T-shirt,5,16.81,104
892823002,T-shirt,6,19.68,81
892823002,T-shirt,7,18.84,86
892823002,T-shirt,8,18.58,88
892823002,T-shirt,9,20.5,75
326885022,Trousers,1,39.67,99
326885022,Trousers,2,37.33,106
326885022,Trousers,3,34.78,115
326885022,Trousers,4,36.11,110
326885022,Trousers,5,32.85,122
326885022,Trousers,6,33.44,120
326885022,Trousers,7,41.98,93
326885022,Trousers,8,41.16,95
326885022,Trousers,9,38.17,104
326885022,Trousers,10,38.28,103
364297029,Trousers,1,32.12,50
364297029,Trousers,2,39.04,41
364297029,Trousers,3,37.2,43
364297029,Trousers,4,36.94,43
364297029,Trousers,5,39.44,40
364297029,Trousers,6,32.43,50
364297029,Trousers,7,36.1,44
364297029,Trousers,8,41.4,38
364297029,Trousers,9,32.13,50
399087054,Trousers,1,35.34,105
399087054,Trousers,2,34.53,108
399087054,Trousers,3,41.66,87
399087054,Trousers,4,39.07,94
399087054,Trousers,5,38.12,96
399087054,Trousers,6,34.84,107
399087054,Trousers,7,41.2,89
399087054,Trousers,8,37.28,99
399087054,Trousers,9,34.69,107
399223025,Trousers,1,37.19,55
399223025,Trousers,2,36.34,56
399223025,Trousers,3,40.67,50
399223025,Trousers,4,32.62,63
399223025,Trousers,5,36.46,56
399223025,Trousers,6,37.75,54
399223025,Trousers,7,34.77,59
399223025,Trousers,8,34.59,59
399223025,Trousers,9,33.61,61
399223025,Trousers,10,39.05,52
411758014,Trousers,1,40.43,38
411758014,Trousers,2,33.05,48
411758014,Trousers,3,36.87,42
411758014,Trousers,4,32.0,49
411758014,Trousers,5,37.91,41
411758014,Trousers,6,34.58,45
411758014,Trousers,7,35.71,44
411758014,Trousers,8,35.2,44
416511021,Trousers,1,38.66,41
416511021,Trousers,2,38.73,41
416511021,Trousers,3,35.95,44
416511021,Trousers,4,36.48,44
416511021,Trousers,5,35.19,46
416511021,Trousers,6,41.53,38
416511021,Trousers,7,33.31,48
416511021,Trousers,8,34.53,47
449897040,Trousers,1,35.3,87
449897040,Trousers,2,32.7,94
449897040,Trousers,3,32.46,95
449897040,Trousers,4,37.33,81
449897040,Trousers,5,40.58,74
449897040,Trousers,6,39.85,76
449897040,Trousers,7,37.35,81
449897040,Trousers,8,38.39,79
498738015,Trousers,1,39.02,30
498738015,Trousers,2,33.61,36
498738015,Trousers,3,38.46,31
498738015,Trousers,4,40.88,29
498738015,Trousers,5,41.77,28
498738015,Trousers,6,40.93,29
498738015,Trousers,7,33.36,36
498738015,Trousers,8,41.53,28
498738015,Trousers,9,35.23,34
525500033,Trousers,1,39.26,64
525500033,Trousers,2,33.83,75
525500033,Trousers,3,37.87,66
525500033,Trousers,4,32.87,78
525500033,Trousers,5,34.68,73
525500033,Trousers,6,40.34,62
525500033,Trousers,7,33.46,76
525500033,Trousers,8,38.65,65
534357002,Trousers,1,39.62,73
534357002,Trousers,2,40.4,72
534357002,Trousers,3,34.36,86
534357002,Trousers,4,39.0,75
534357002,Trousers,5,36.49,80
534357002,Trousers,6,41.88,69
534357002,Trousers,7,39.02,74
534357002,Trousers,8,33.02,90
534357002,Trousers,9,35.03,84
540241002,Trousers,1,36.68,52
540241002,Trousers,2,39.53,48
540241002,Trousers,3,37.41,51
540241002,Trousers,4,33.06,59
540241002,Trousers,5,36.36,53
540241002,Trousers,6,35.78,54
540241002,Trousers,7,41.26,46
540241002,Trousers,8,40.36,47
540241002,Trousers,9,35.16,55
540241002,Trousers,10,38.09,50
543133003,Trousers,1,39.02,73
543133003,Trousers,2,41.68,68
543133003,Trousers,3,37.71,76
543133003,Trousers,4,32.08,91
543133003,Trousers,5,32.11,91
543133003,Trousers,6,39.69,72
543133003,Trousers,7,32.45,90
543133003,Trousers,8,38.82,74
547780004,Trousers,1,36.06,78
547780004,Trousers,2,41.07,67
547780004,Trousers,3,32.35,88
547780004,Trousers,4,34.83,81
547780004,Trousers,5,32.95,86
547780004,Trousers,6,35.83,78
547780004,Trousers,7,39.4,71
547780004,Trousers,8,36.01,78
547780004,Trousers,9,37.58,74
550888009,Trousers,1,40.33,62
550888009,Trousers,2,33.44,76
550888009,Trousers,3,33.5,76
550888009,Trousers,4,34.79,73
550888009,Trousers,5,37.82,66
550888009,Trousers,6,39.11,64
550888009,Trousers,7,41.89,59
550888009,Trousers,8,32.4,79
552541001,Trousers,1,41.64,45
552541001,Trousers,2,38.49,50
552541001,Trousers,3,37.51,51
552541001,Trousers,4,36.92,52
552541001,Trousers,5,33.39,58
552541001,Trousers,6,39.49,48
552541001,Trousers,7,41.11,46
552541001,Trousers,8,35.72,54
552541001,Trousers,9,33.15,59
573097001,Trousers,1,32.19,50
573097001,Trousers,2,37.8,42
573097001,Trousers,3,34.7,46
573097001,Trousers,4,37.53,42
573097001,Trousers,5,35.29,45
573097001,Trousers,6,39.19,40
573097001,Trousers,7,38.34,41
573097001,Trousers,8,39.18,40
573097001,Trousers,9,39.09,41
573716005,Trousers,1,36.86,79
573716005,Trousers,2,36.48,80
573716005,Trousers,3,34.66,85
573716005,Trousers,4,38.14,76
573716005,Trousers,5,40.11,72
573716005,Trousers,6,41.66,69
573716005,Trousers,7,33.42,88
573716005,Trousers,8,32.26,92
573716005,Trousers,9,41.77,69
573716005,Trousers,10,36.16,81
573716072,Trousers,1,35.37,96
573716072,Trousers,2,40.75,82
573716072,Trousers,3,39.21,85
573716072,Trousers,4,35.58,95
573716072,Trousers,5,35.84,94
573716072,Trousers,6,33.33,102
573716072,Trousers,7,36.69,92
573716072,Trousers,8,41.32,81
573716072,Trousers,9,38.37,87
575522005,Trousers,1,35.84,34
575522005,Trousers,2,34.86,36
575522005,Trousers,3,32.62,38
575522005,Trousers,4,34.39,36
575522005,Trousers,5,39.57,31
575522005,Trousers,6,36.21,34
575522005,Trousers,7,38.42,32
575522005,Trousers,8,40.45,30
575524001,Trousers,1,35.58,37
575524001,Trousers,2,39.26,33
575524001,Trousers,3,35.86,37
575524001,Trousers,4,37.77,35
575524001,Trousers,5,38.3,34
575524001,Trousers,6,34.31,39
575524001,Trousers,7,34.98,38
575524001,Trousers,8,34.59,38
575524001,Trousers,9,36.36,36
575524001,Trousers,10,32.48,41
577686001,Trousers,1,37.42,69
577686001,Trousers,2,35.52,74
577686001,Trousers,3,40.12,64
577686001,Trousers,4,32.98,80
577686001,Trousers,5,38.12,68
577686001,Trousers,6,33.47,79
577686001,Trousers,7,40.59,63
577686001,Trousers,8,39.66,65
577686001,Trousers,9,40.99,63
577686001,Trousers,10,41.66,62
583534004,Trousers,1,33.99,51
583534004,Trousers,2,40.57,42
583534004,Trousers,3,36.46,47
583534004,Trousers,4,35.64,48
583534004,Trousers,5,39.16,44
583534004,Trousers,6,35.3,49
583534004,Trousers,7,40.89,41
583534004,Trousers,8,40.75,42
583534004,Trousers,9,32.32,54
586775002,Trousers,1,35.06,53
586775002,Trousers,2,32.55,57
586775002,Trousers,3,40.77,45
586775002,Trousers,4,32.17,58
586775002,Trousers,5,32.63,57
586775002,Trousers,6,33.43,56
586775002,Trousers,7,39.46,46
586775002,Trousers,8,32.68,57
586775002,Trousers,9,36.95,50
586775002,Trousers,10,33.37,56
589256006,Trousers,1,35.63,65
589256006,Trousers,2,35.26,66
589256006,Trousers,3,34.81,67
589256006,Trousers,4,32.82,72
589256006,Trousers,5,33.03,71
589256006,Trousers,6,39.3,59
589256006,Trousers,7,37.55,62
589256006,Trousers,8,33.28,70
589256006,Trousers,9,36.02,65
591677005,Trousers,1,39.13,85
591677005,Trousers,2,38.53,86
591677005,Trousers,3,38.33,86
591677005,Trousers,4,39.81,83
591677005,Trousers,5,32.78,103
591677005,Trousers,6,38.5,86
591677005,Trousers,7,33.82,99
591677005,Trousers,8,33.95,99
591677005,Trousers,9,39.73,83
593316001,Trousers,1,36.44,83
593316001,Trousers,2,41.98,71
593316001,Trousers,3,41.68,71
593316001,Trousers,4,37.09,81
593316001,Trousers,5,36.15,83
593316001,Trousers,6,32.2,95
593316001,Trousers,7,35.34,85
593316001,Trousers,8,39.27,76
593316001,Trousers,9,39.66,75
608338002,Trousers,1,41.04,55
608338002,Trousers,2,38.89,58
608338002,Trousers,3,32.94,70
608338002,Trousers,4,41.09,55
608338002,Trousers,5,34.61,66
608338002,Trousers,6,32.77,70
608338002,Trousers,7,35.48,65
608338002,Trousers,8,33.61,69
608338002,Trousers,9,39.05,58
608338002,Trousers,10,35.24,65
611134001,Trousers,1,39.67,52
611134001,Trousers,2,39.19,53
611134001,Trousers,3,36.73,57
611134001,Trousers,4,33.04,64
611134001,Trousers,5,33.73,62
611134001,Trousers,6,40.53,51
611134001,Trousers,7,41.11,50
611134001,Trousers,8,36.44,57
611134001,Trousers,9,39.13,53
