data/price_history.csv
sku_id,category,week,price,units_sold
615280005,Trousers,1,34.93,85
615280005,Trousers,2,41.92,70
615280005,Trousers,3,36.37,82
615280005,Trousers,4,33.5,89
615280005,Trousers,5,34.27,87
615280005,Trousers,6,34.13,88
615280005,Trousers,7,33.62,89
615280005,Trousers,8,39.95,74
615280005,Trousers,9,33.42,90
615280005,Trousers,10,36.84,80
617289002,Trousers,1,33.74,119
617289002,Trousers,2,32.62,123
617289002,Trousers,3,37.38,106
617289002,Trousers,4,39.57,100
617289002,Trousers,5,38.58,102
617289002,Trousers,6,35.7,112
617289002,Trousers,7,41.13,95
617289002,Trousers,8,35.52,112
617289002,Trousers,9,35.93,111
623282005,Trousers,1,35.61,43
623282005,Trousers,2,33.61,46
623282005,Trousers,3,39.32,38
623282005,Trousers,4,32.05,48
623282005,Trousers,5,41.27,36
623282005,Trousers,6,34.4,44
623282005,Trousers,7,33.25,46
623282005,Trousers,8,37.61,40
623397005,Trousers,1,38.56,99
623397005,Trousers,2,38.8,99
623397005,Trousers,3,38.12,101
623397005,Trousers,4,37.12,104
623397005,Trousers,5,40.04,95
623397005,Trousers,6,32.87,119
623397005,Trousers,7,39.09,98
623397005,Trousers,8,33.83,115
623397005,Trousers,9,39.95,96
624692004,Trousers,1,39.57,41
624692004,Trousers,2,38.63,42
624692004,Trousers,3,34.32,48
624692004,Trousers,4,36.06,45
624692004,Trousers,5,37.56,43
624692004,Trousers,6,41.59,39
624692004,Trousers,7,33.79,49
624692004,Trousers,8,38.01,43
624692004,Trousers,9,36.03,45
631774003,Trousers,1,34.42,108
631774003,Trousers,2,41.59,88
631774003,Trousers,3,37.75,98
631774003,Trousers,4,41.42,88
631774003,Trousers,5,38.53,95
631774003,Trousers,6,32.4,115
631774003,Trousers,7,39.14,94
631774003,Trousers,8,36.12,102
639208003,Trousers,1,36.88,50
639208003,Trousers,2,33.99,55
639208003,Trousers,3,33.77,55
639208003,Trousers,4,35.12,53
639208003,Trousers,5,36.29,51
639208003,Trousers,6,35.64,52
639208003,Trousers,7,37.86,48
639208003,Trousers,8,39.18,47
639208003,Trousers,9,39.5,46
640662007,Trousers,1,37.95,82
640662007,Trousers,2,38.36,81
640662007,Trousers,3,39.07,80
640662007,Trousers,4,35.69,88
640662007,Trousers,5,34.55,91
640662007,Trousers,6,38.22,81
640662007,Trousers,7,41.65,74
640662007,Trousers,8,36.31,86
640662007,Trousers,9,32.64,97
657654002,Trousers,1,37.85,42
657654002,Trousers,2,35.52,45
657654002,Trousers,3,34.45,47
657654002,Trousers,4,40.63,39
657654002,Trousers,5,35.13,46
657654002,Trousers,6,39.29,40
657654002,Trousers,7,38.37,41
657654002,Trousers,8,32.84,49
657661002,Trousers,1,41.49,88
657661002,Trousers,2,40.49,90
657661002,Trousers,3,36.59,101
657661002,Trousers,4,38.21,96
657661002,Trousers,5,33.91,110
657661002,Trousers,6,35.67,104
657661002,Trousers,7,35.78,103
657661002,Trousers,8,34.44,108
657661002,Trousers,9,36.84,100
657661002,Trousers,10,36.05,103
664020001,Trousers,1,36.48,105
664020001,Trousers,2,39.97,95
664020001,Trousers,3,35.95,106
664020001,Trousers,4,41.49,91
664020001,Trousers,5,34.54,111
664020001,Trousers,6,37.32,102
664020001,Trousers,7,36.3,105
664020001,Trousers,8,33.4,115
666606001,Trousers,1,39.13,86
666606001,Trousers,2,39.8,84
666606001,Trousers,3,34.7,98
666606001,Trousers,4,38.29,88
666606001,Trousers,5,38.92,86
666606001,Trousers,6,38.88,86
666606001,Trousers,7,34.2,99
666606001,Trousers,8,39.89,84
669700001,Trousers,1,34.34,100
669700001,Trousers,2,39.22,86
669700001,Trousers,3,37.33,91
669700001,Trousers,4,32.15,108
669700001,Trousers,5,36.86,92
669700001,Trousers,6,36.11,95
669700001,Trousers,7,39.12,87
669700001,Trousers,8,34.93,98
685815004,Trousers,1,33.47,54
685815004,Trousers,2,41.58,43
685815004,Trousers,3,40.25,44
685815004,Trousers,4,37.83,47
685815004,Trousers,5,32.53,56
685815004,Trousers,6,41.18,43
685815004,Trousers,7,39.34,45
685815004,Trousers,8,32.81,55
685815004,Trousers,9,37.86,47
688930002,Trousers,1,36.27,104
688930002,Trousers,2,32.83,116
688930002,Trousers,3,36.69,103
688930002,Trousers,4,38.9,96
688930002,Trousers,5,35.31,107
688930002,Trousers,6,38.03,99
688930002,Trousers,7,34.34,111
688930002,Trousers,8,33.18,115
688930002,Trousers,9,40.92,91
688933007,Trousers,1,32.45,120
688933007,Trousers,2,39.05,98
688933007,Trousers,3,39.19,98
688933007,Trousers,4,36.12,107
688933007,Trousers,5,39.81,96
688933007,Trousers,6,37.2,103
688933007,Trousers,7,32.33,121
688933007,Trousers,8,32.05,122
689011012,Trousers,1,37.89,75
689011012,Trousers,2,40.25,70
689011012,Trousers,3,35.24,81
689011012,Trousers,4,36.52,78
689011012,Trousers,5,33.99,84
689011012,Trousers,6,38.05,74
689011012,Trousers,7,37.75,75
689011012,Trousers,8,37.83,75
689011021,Trousers,1,39.61,53
689011021,Trousers,2,33.12,65
689011021,Trousers,3,40.91,51
689011021,Trousers,4,37.09,57
689011021,Trousers,5,41.9,50
689011021,Trousers,6,36.84,58
689011021,Trousers,7,34.36,62
689011021,Trousers,8,33.65,64
690108004,Trousers,1,38.68,60
690108004,Trousers,2,38.92,59
690108004,Trousers,3,32.74,72
690108004,Trousers,4,38.69,60
690108004,Trousers,5,36.12,64
690108004,Trousers,6,38.12,61
690108004,Trousers,7,34.34,68
690108004,Trousers,8,34.54,68
690108004,Trousers,9,33.94,69
690108004,Trousers,10,37.41,62
692398001,Trousers,1,36.25,67
692398001,Trousers,2,34.82,71
692398001,Trousers,3,33.99,72
692398001,Trousers,4,38.26,64
692398001,Trousers,5,32.17,77
692398001,Trousers,6,33.21,74
692398001,Trousers,7,39.82,61
692398001,Trousers,8,39.99,61
692398001,Trousers,9,38.92,62
695182004,Trousers,1,33.88,74
695182004,Trousers,2,40.69,60
695182004,Trousers,3,33.33,75
695182004,Trousers,4,39.61,62
695182004,Trousers,5,40.03,61
695182004,Trousers,6,33.65,74
695182004,Trousers,7,38.21,65
695182004,Trousers,8,40.74,60
695182004,Trousers,9,34.03,74
695973001,Trousers,1,32.65,91
695973001,Trousers,2,40.78,71
695973001,Trousers,3,32.71,91
695973001,Trousers,4,39.6,73
695973001,Trousers,5,38.1,76
695973001,Trousers,6,38.62,75
695973001,Trousers,7,35.53,83
695973001,Trousers,8,32.28,92
695973001,Trousers,9,37.41,78
695973001,Trousers,10,36.28,81
700124001,Trousers,1,37.73,103
700124001,Trousers,2,39.84,97
700124001,Trousers,3,39.85,97
700124001,Trousers,4,40.0,96
700124001,Trousers,5,38.91,99
700124001,Trousers,6,38.19,102
700124001,Trousers,7,37.63,103
700124001,Trousers,8,39.43,98
700124001,Trousers,9,40.31,96
700124001,Trousers,10,37.0,105
701203001,Trousers,1,34.56,103
701203001,Trousers,2,41.23,85
701203001,Trousers,3,35.6,100
701203001,Trousers,4,41.41,84
701203001,Trousers,5,40.44,86
701203001,Trousers,6,36.03,98
701203001,Trousers,7,39.49,89
701203001,Trousers,8,39.06,90
706016035,Trousers,1,40.23,63
706016035,Trousers,2,35.78,72
706016035,Trousers,3,34.23,75
706016035,Trousers,4,36.56,70
706016035,Trousers,5,39.0,65
706016035,Trousers,6,38.48,66
706016035,Trousers,7,34.16,76
706016035,Trousers,8,39.3,65
710877001,Trousers,1,41.63,85
710877001,Trousers,2,38.65,92
710877001,Trousers,3,37.81,94
710877001,Trousers,4,41.98,84
710877001,Trousers,5,35.27,102
710877001,Trousers,6,34.19,105
710877001,Trousers,7,36.9,97
710877001,Trousers,8,34.43,104
712950002,Trousers,1,34.2,45
712950002,Trousers,2,41.08,36
712950002,Trousers,3,34.14,45
712950002,Trousers,4,33.08,46
712950002,Trousers,5,39.16,38
712950002,Trousers,6,33.25,46
712950002,Trousers,7,34.23,45
712950002,Trousers,8,40.68,37
714807003,Trousers,1,36.38,64
714807003,Trousers,2,40.01,57
714807003,Trousers,3,40.65,56
714807003,Trousers,4,39.25,59
714807003,Trousers,5,37.93,61
714807003,Trousers,6,41.52,55
714807003,Trousers,7,37.93,61
714807003,Trousers,8,41.77,55
714807003,Trousers,9,41.09,56
715427001,Trousers,1,32.52,52
715427001,Trousers,2,37.42,45
715427001,Trousers,3,38.11,44
715427001,Trousers,4,41.11,40
715427001,Trousers,5,41.62,40
715427001,Trousers,6,36.21,46
715427001,Trousers,7,32.49,52
715427001,Trousers,8,37.93,44
715606003,Trousers,1,33.32,41
715606003,Trousers,2,32.48,42
715606003,Trousers,3,35.95,38
715606003,Trousers,4,36.93,37
715606003,Trousers,5,33.45,41
715606003,Trousers,6,32.22,43
715606003,Trousers,7,33.02,41
715606003,Trousers,8,39.36,34
719220001,Trousers,1,35.95,88
719220001,Trousers,2,33.64,95
719220001,Trousers,3,33.73,95
719220001,Trousers,4,36.97,86
719220001,Trousers,5,39.12,80
719220001,Trousers,6,36.14,88
719220001,Trousers,7,37.3,85
719220001,Trousers,8,36.87,86
719220001,Trousers,9,40.53,77
719220001,Trousers,10,33.13,97
719940001,Trousers,1,41.48,28
719940001,Trousers,2,34.48,35
719940001,Trousers,3,32.95,37
719940001,Trousers,4,32.33,37
719940001,Trousers,5,36.33,33
719940001,Trousers,6,34.72,35
719940001,Trousers,7,35.2,34
719940001,Trousers,8,38.5,31
727158002,Trousers,1,41.2,36
727158002,Trousers,2,40.71,37
727158002,Trousers,3,35.01,43
727158002,Trousers,4,39.02,39
727158002,Trousers,5,37.69,40
727158002,Trousers,6,41.6,36
727158002,Trousers,7,41.39,36
727158002,Trousers,8,36.85,41
727158002,Trousers,9,32.46,47
734305001,Trousers,1,32.85,112
734305001,Trousers,2,40.66,89
734305001,Trousers,3,35.49,103
734305001,Trousers,4,33.82,109
734305001,Trousers,5,41.38,87
734305001,Trousers,6,37.51,97
734305001,Trousers,7,39.46,92
734305001,Trousers,8,39.31,92
734305001,Trousers,9,32.65,113
734305001,Trousers,10,39.58,92
736102001,Trousers,1,32.84,80
736102001,Trousers,2,33.08,80
736102001,Trousers,3,37.07,70
736102001,Trousers,4,40.95,63
736102001,Trousers,5,32.96,80
736102001,Trousers,6,41.68,62
736102001,Trousers,7,35.66,73
736102001,Trousers,8,35.93,73
744529001,Trousers,1,41.26,77
744529001,Trousers,2,40.27,79
744529001,Trousers,3,34.82,93
744529001,Trousers,4,33.87,96
744529001,Trousers,5,36.21,89
744529001,Trousers,6,40.01,79
744529001,Trousers,7,33.71,96
744529001,Trousers,8,37.3,86
744529001,Trousers,9,35.31,91
744529001,Trousers,10,33.57,96
747634002,Trousers,1,37.92,77
747634002,Trousers,2,38.61,75
747634002,Trousers,3,40.11,72
747634002,Trousers,4,32.91,90
747634002,Trousers,5,39.23,74
747634002,Trousers,6,39.81,73
747634002,Trousers,7,36.27,81
747634002,Trousers,8,39.16,74
749615009,Trousers,1,36.77,50
749615009,Trousers,2,35.43,52
749615009,Trousers,3,37.86,48
749615009,Trousers,4,32.33,58
749615009,Trousers,5,38.5,47
749615009,Trousers,6,41.22,44
749615009,Trousers,7,38.57,47
749615009,Trousers,8,36.09,51
749615009,Trousers,9,32.17,58
749615009,Trousers,10,36.69,50
750330003,Trousers,1,34.45,115
750330003,Trousers,2,38.33,102
750330003,Trousers,3,33.22,120
750330003,Trousers,4,40.28,97
750330003,Trousers,5,33.02,120
750330003,Trousers,6,40.73,96
750330003,Trousers,7,34.74,114
750330003,Trousers,8,36.44,108
750330003,Trousers,9,33.71,118
750330003,Trousers,10,35.45,111
754701001,Trousers,1,32.29,121
754701001,Trousers,2,41.94,91
754701001,Trousers,3,34.64,112
754701001,Trousers,4,40.13,95
754701001,Trousers,5,34.74,112
754701001,Trousers,6,33.71,115
754701001,Trousers,7,33.53,116
754701001,Trousers,8,41.83,91
754701001,Trousers,9,33.65,116
765734002,Trousers,1,32.45,108
765734002,Trousers,2,34.66,100
765734002,Trousers,3,36.14,96
765734002,Trousers,4,39.06,88
765734002,Trousers,5,39.48,87
765734002,Trousers,6,40.79,84
765734002,Trousers,7,32.11,109
765734002,Trousers,8,37.69,91
766041001,Trousers,1,33.86,49
766041001,Trousers,2,38.69,42
766041001,Trousers,3,40.38,40
766041001,Trousers,4,41.92,38
766041001,Trousers,5,32.99,50
766041001,Trousers,6,40.46,40
766041001,Trousers,7,40.79,40
766041001,Trousers,8,38.02,43
766404003,Trousers,1,32.51,46
766404003,Trousers,2,32.96,45
766404003,Trousers,3,39.33,37
766404003,Trousers,4,33.63,44
766404003,Trousers,5,36.11,41
766404003,Trousers,6,39.14,37
766404003,Trousers,7,39.79,37
766404003,Trousers,8,33.33,45
767090001,Trousers,1,36.64,64
767090001,Trousers,2,38.98,60
767090001,Trousers,3,35.6,67
767090001,Trousers,4,36.11,66
767090001,Trousers,5,37.88,62
767090001,Trousers,6,36.69,64
767090001,Trousers,7,39.86,59
767090001,Trousers,8,34.74,68
772373003,Trousers,1,37.24,54
772373003,Trousers,2,33.3,61
772373003,Trousers,3,38.73,51
772373003,Trousers,4,32.12,63
772373003,Trousers,5,36.3,55
772373003,Trousers,6,38.31,52
772373003,Trousers,7,34.31,59
772373003,Trousers,8,32.19,63
772373003,Trousers,9,34.59,58
778285001,Trousers,1,41.17,69
778285001,Trousers,2,32.49,90
778285001,Trousers,3,38.5,75
778285001,Trousers,4,38.87,74
778285001,Trousers,5,37.7,76
778285001,Trousers,6,37.19,77
778285001,Trousers,7,32.09,91
778285001,Trousers,8,39.88,72
778285001,Trousers,9,37.58,77
779612005,Trousers,1,33.85,57
779612005,Trousers,2,36.05,53
779612005,Trousers,3,34.15,57
779612005,Trousers,4,36.97,52
779612005,Trousers,5,34.28,56
779612005,Trousers,6,39.67,48
779612005,Trousers,7,32.01,61
779612005,Trousers,8,41.85,45
779612005,Trousers,9,33.13,59
784245004,Trousers,1,32.24,63
784245004,Trousers,2,39.11,51
784245004,Trousers,3,36.94,54
784245004,Trousers,4,32.92,61
784245004,Trousers,5,33.56,60
784245004,Trousers,6,37.14,54
784245004,Trousers,7,34.2,59
784245004,Trousers,8,36.73,54
784245004,Trousers,9,39.85,50
791006002,Trousers,1,37.82,73
791006002,Trousers,2,32.81,85
791006002,Trousers,3,32.39,87
791006002,Trousers,4,33.09,84
791006002,Trousers,5,39.48,69
791006002,Trousers,6,40.83,67
791006002,Trousers,7,38.19,72
791006002,Trousers,8,35.94,77
796210010,Trousers,1,35.95,93
796210010,Trousers,2,35.69,94
796210010,Trousers,3,40.82,81
796210010,Trousers,4,41.27,80
796210010,Trousers,5,39.09,85
796210010,Trousers,6,38.68,86
796210010,Trousers,7,33.89,99
796210010,Trousers,8,36.36,92
796671004,Trousers,1,40.23,86
796671004,Trousers,2,39.0,89
796671004,Trousers,3,40.53,85
796671004,Trousers,4,36.02,97
796671004,Trousers,5,34.79,101
796671004,Trousers,6,41.0,84
796671004,Trousers,7,34.35,102
796671004,Trousers,8,32.73,108
796971001,Trousers,1,41.8,87
796971001,Trousers,2,33.01,113
796971001,Trousers,3,35.38,105
796971001,Trousers,4,38.54,95
796971001,Trousers,5,37.21,99
796971001,Trousers,6,34.01,109
796971001,Trousers,7,36.45,101
796971001,Trousers,8,32.11,117
798579002,Trousers,1,41.12,60
798579002,Trousers,2,32.07,79
798579002,Trousers,3,33.92,74
798579002,Trousers,4,37.46,66
798579002,Trousers,5,36.29,68
798579002,Trousers,6,41.96,58
798579002,Trousers,7,37.72,66
798579002,Trousers,8,32.91,76
802896003,Trousers,1,37.95,95
802896003,Trousers,2,34.43,106
802896003,Trousers,3,41.19,87
802896003,Trousers,4,35.46,102
802896003,Trousers,5,36.68,98
802896003,Trousers,6,34.99,104
802896003,Trousers,7,33.53,109
802896003,Trousers,8,37.11,97
802896003,Trousers,9,32.81,111
810172005,Trousers,1,34.83,111
810172005,Trousers,2,38.53,100
810172005,Trousers,3,34.25,113
810172005,Trousers,4,39.25,97
810172005,Trousers,5,40.7,94
810172005,Trousers,6,34.91,111
810172005,Trousers,7,41.95,91
810172005,Trousers,8,37.12,104
810172015,Trousers,1,38.09,45
810172015,Trousers,2,41.92,40
810172015,Trousers,3,38.31,45
810172015,Trousers,4,35.2,49
810172015,Trousers,5,35.49,49
810172015,Trousers,6,38.99,44
810172015,Trousers,7,38.75,44
810172015,Trousers,8,41.97,40
811993025,Trousers,1,33.42,85
811993025,Trousers,2,38.95,72
811993025,Trousers,3,38.99,71
811993025,Trousers,4,32.01,89
811993025,Trousers,5,35.3,80
811993025,Trousers,6,39.2,71
811993025,Trousers,7,32.32,88
811993025,Trousers,8,33.0,86
811993025,Trousers,9,36.85,76
811993025,Trousers,10,34.03,83
815669002,Trousers,1,36.64,107
815669002,Trousers,2,38.58,101
815669002,Trousers,3,35.58,111
815669002,Trousers,4,39.73,98
815669002,Trousers,5,33.29,119
815669002,Trousers,6,32.65,122
815669002,Trousers,7,35.11,113
815669002,Trousers,8,41.19,94
815669002,Trousers,9,41.77,93
825797004,Trousers,1,36.9,101
825797004,Trousers,2,36.66,102
825797004,Trousers,3,35.36,106
825797004,Trousers,4,33.08,114
825797004,Trousers,5,40.8,90
825797004,Trousers,6,33.97,111
825797004,Trousers,7,38.04,98
825797004,Trousers,8,36.54,102
825797004,Trousers,9,40.44,91
825797004,Trousers,10,35.08,107
835376002,Trousers,1,38.28,100
835376002,Trousers,2,32.44,120
835376002,Trousers,3,32.23,121
835376002,Trousers,4,38.29,100
835376002,Trousers,5,33.3,117
835376002,Trousers,6,35.74,108
835376002,Trousers,7,41.01,93
835376002,Trousers,8,37.28,103
837811001,Trousers,1,32.42,91
837811001,Trousers,2,34.22,86
837811001,Trousers,3,32.57,91
837811001,Trousers,4,34.3,86
837811001,Trousers,5,37.25,78
837811001,Trousers,6,41.41,70
837811001,Trousers,7,38.87,75
837811001,Trousers,8,32.09,92
837811001,Trousers,9,41.35,70
838726006,Trousers,1,33.1,76
838726006,Trousers,2,32.96,76
838726006,Trousers,3,34.87,72
838726006,Trousers,4,36.15,69
838726006,Trousers,5,39.91,62
838726006,Trousers,6,37.28,66
838726006,Trousers,7,39.06,63
838726006,Trousers,8,39.83,62
838726006,Trousers,9,41.1,60
838726006,Trousers,10,35.9,69
860867002,Trousers,1,36.5,59
860867002,Trousers,2,39.35,54
860867002,Trousers,3,33.88,64
860867002,Trousers,4,33.21,66
860867002,Trousers,5,32.87,66
860867002,Trousers,6,40.93,52
860867002,Trousers,7,32.96,66
860867002,Trousers,8,33.97,64
860867002,Trousers,9,33.75,65
862106002,Trousers,1,33.37,85
862106002,Trousers,2,34.19,83
862106002,Trousers,3,38.53,72
862106002,Trousers,4,39.18,71
862106002,Trousers,5,35.9,78
862106002,Trousers,6,38.08,73
862106002,Trousers,7,33.88,84
862106002,Trousers,8,37.97,74
862106002,Trousers,9,36.57,77
863853001,Trousers,1,40.41,44
863853001,Trousers,2,40.62,44
863853001,Trousers,3,41.62,43
863853001,Trousers,4,35.17,51
863853001,Trousers,5,37.98,47
863853001,Trousers,6,32.85,55
863853001,Trousers,7,37.99,47
863853001,Trousers,8,33.67,54
863853001,Trousers,9,37.21,48
863853001,Trousers,10,34.37,53
865033001,Trousers,1,32.77,41
865033001,Trousers,2,32.86,40
865033001,Trousers,3,37.38,35
865033001,Trousers,4,41.92,31
865033001,Trousers,5,33.32,40
865033001,Trousers,6,33.39,40
865033001,Trousers,7,33.91,39
865033001,Trousers,8,40.14,32
871672001,Trousers,1,40.34,89
871672001,Trousers,2,33.88,108
871672001,Trousers,3,40.23,89
871672001,Trousers,4,40.01,89
871672001,Trousers,5,41.33,86
871672001,Trousers,6,33.75,108
871672001,Trousers,7,38.83,92
871672001,Trousers,8,39.28,91
871889005,Trousers,1,35.34,34
871889005,Trousers,2,34.67,35
871889005,Trousers,3,41.19,29
871889005,Trousers,4,40.86,29
871889005,Trousers,5,37.55,32
871889005,Trousers,6,41.89,28
871889005,Trousers,7,34.63,35
871889005,Trousers,8,37.4,32
871889005,Trousers,9,41.2,29
