data/price_history.csv
sku_id,category,week,price,units_sold
873132013,Trousers,1,40.89,33
873132013,Trousers,2,36.3,37
873132013,Trousers,3,35.36,38
873132013,Trousers,4,37.2,36
873132013,Trousers,5,37.13,36
873132013,Trousers,6,39.89,34
873132013,Trousers,7,35.88,38
873132013,Trousers,8,35.13,39
875922002,Trousers,1,32.48,71
875922002,Trousers,2,40.57,56
875922002,Trousers,3,32.44,71
875922002,Trousers,4,37.82,60
875922002,Trousers,5,37.64,60
875922002,Trousers,6,32.16,72
875922002,Trousers,7,32.34,71
875922002,Trousers,8,36.81,62
875922002,Trousers,9,35.57,64
875922002,Trousers,10,41.35,54
876204006,Trousers,1,33.28,106
876204006,Trousers,2,35.28,99
876204006,Trousers,3,40.84,85
876204006,Trousers,4,38.1,91
876204006,Trousers,5,34.43,102
876204006,Trousers,6,36.24,96
876204006,Trousers,7,32.97,107
876204006,Trousers,8,38.45,90
882882005,Trousers,1,35.65,90
882882005,Trousers,2,36.72,87
882882005,Trousers,3,38.99,82
882882005,Trousers,4,37.36,86
882882005,Trousers,5,36.01,89
882882005,Trousers,6,34.37,94
882882005,Trousers,7,41.36,77
882882005,Trousers,8,35.09,92
882882005,Trousers,9,39.74,80
882882005,Trousers,10,38.55,83
885827002,Trousers,1,36.27,61
885827002,Trousers,2,34.96,63
885827002,Trousers,3,38.67,57
885827002,Trousers,4,33.06,67
885827002,Trousers,5,40.34,54
885827002,Trousers,6,41.14,53
885827002,Trousers,7,36.91,60
885827002,Trousers,8,37.94,58
887949002,Trousers,1,40.91,34
887949002,Trousers,2,32.0,44
887949002,Trousers,3,35.0,40
887949002,Trousers,4,40.95,34
887949002,Trousers,5,34.61,41
887949002,Trousers,6,35.02,40
887949002,Trousers,7,34.38,41
887949002,Trousers,8,35.32,40
887949002,Trousers,9,38.9,36
893795001,Trousers,1,40.2,37
893795001,Trousers,2,34.92,44
893795001,Trousers,3,39.98,38
893795001,Trousers,4,40.38,37
893795001,Trousers,5,36.66,41
893795001,Trousers,6,37.51,40
893795001,Trousers,7,38.9,39
893795001,Trousers,8,39.7,38
893795001,Trousers,9,33.71,45
893795001,Trousers,10,39.7,38
897655002,Trousers,1,36.41,43
897655002,Trousers,2,38.42,40
897655002,Trousers,3,37.92,41
897655002,Trousers,4,34.74,45
897655002,Trousers,5,39.7,39
897655002,Trousers,6,39.22,39
897655002,Trousers,7,33.68,47
897655002,Trousers,8,37.0,42
897655002,Trousers,9,32.55,48
898596002,Trousers,1,41.01,45
898596002,Trousers,2,38.89,48
898596002,Trousers,3,40.53,46
898596002,Trousers,4,38.32,49
898596002,Trousers,5,32.17,59
898596002,Trousers,6,37.09,51
898596002,Trousers,7,35.44,53
898596002,Trousers,8,41.58,45
898596002,Trousers,9,39.72,47
900237002,Trousers,1,41.23,67
900237002,Trousers,2,35.02,81
900237002,Trousers,3,40.8,68
900237002,Trousers,4,41.97,66
900237002,Trousers,5,32.64,87
900237002,Trousers,6,40.37,69
900237002,Trousers,7,41.01,68
900237002,Trousers,8,33.73,84
900422001,Trousers,1,38.25,77
900422001,Trousers,2,40.86,72
900422001,Trousers,3,32.96,91
900422001,Trousers,4,32.88,91
900422001,Trousers,5,38.76,76
900422001,Trousers,6,40.45,73
900422001,Trousers,7,35.51,84
900422001,Trousers,8,37.38,79
903211001,Trousers,1,41.11,76
903211001,Trousers,2,36.06,88
903211001,Trousers,3,41.89,75
903211001,Trousers,4,32.46,99
903211001,Trousers,5,40.82,77
903211001,Trousers,6,36.07,88
903211001,Trousers,7,33.94,94
903211001,Trousers,8,37.55,84
903211001,Trousers,9,40.81,77
903211001,Trousers,10,33.98,94
916058002,Trousers,1,38.76,98
916058002,Trousers,2,36.88,103
916058002,Trousers,3,37.86,100
916058002,Trousers,4,33.31,116
916058002,Trousers,5,33.11,116
916058002,Trousers,6,35.1,109
916058002,Trousers,7,36.69,104
916058002,Trousers,8,34.62,111
926825001,Trousers,1,40.38,88
926825001,Trousers,2,39.38,90
926825001,Trousers,3,39.12,91
926825001,Trousers,4,33.11,109
926825001,Trousers,5,33.58,107
926825001,Trousers,6,32.67,111
926825001,Trousers,7,41.32,85
926825001,Trousers,8,35.24,102
926825001,Trousers,9,39.92,89
926825001,Trousers,10,41.87,84
237347060,Hoodie,1,43.76,59
237347060,Hoodie,2,44.45,58
237347060,Hoodie,3,50.2,49
237347060,Hoodie,4,40.34,66
237347060,Hoodie,5,45.84,55
237347060,Hoodie,6,47.54,53
237347060,Hoodie,7,51.46,48
237347060,Hoodie,8,41.32,64
237347060,Hoodie,9,45.2,56
404383012,Hoodie,1,44.12,76
404383012,Hoodie,2,50.56,64
404383012,Hoodie,3,44.03,76
404383012,Hoodie,4,42.41,80
404383012,Hoodie,5,43.8,77
404383012,Hoodie,6,52.34,61
404383012,Hoodie,7,44.0,76
404383012,Hoodie,8,45.84,72
443696005,Hoodie,1,43.37,92
443696005,Hoodie,2,43.12,93
443696005,Hoodie,3,50.28,76
443696005,Hoodie,4,40.51,101
443696005,Hoodie,5,50.5,75
443696005,Hoodie,6,48.91,79
443696005,Hoodie,7,45.86,86
443696005,Hoodie,8,48.82,79
443696005,Hoodie,9,48.71,79
456163013,Hoodie,1,49.58,41
456163013,Hoodie,2,46.9,44
456163013,Hoodie,3,44.05,48
456163013,Hoodie,4,42.86,50
456163013,Hoodie,5,43.09,49
456163013,Hoodie,6,44.37,47
456163013,Hoodie,7,41.58,52
456163013,Hoodie,8,50.79,40
456163022,Hoodie,1,47.56,83
456163022,Hoodie,2,51.77,74
456163022,Hoodie,3,47.77,82
456163022,Hoodie,4,47.81,82
456163022,Hoodie,5,46.72,85
456163022,Hoodie,6,50.19,77
456163022,Hoodie,7,51.51,75
456163022,Hoodie,8,44.16,91
456163022,Hoodie,9,43.58,93
456163053,Hoodie,1,49.21,52
456163053,Hoodie,2,45.31,57
456163053,Hoodie,3,47.08,55
456163053,Hoodie,4,44.66,59
456163053,Hoodie,5,46.57,55
456163053,Hoodie,6,45.96,56
456163053,Hoodie,7,40.26,67
456163053,Hoodie,8,46.55,55
456163053,Hoodie,9,40.09,67
456163053,Hoodie,10,47.57,54
493814044,Hoodie,1,45.22,51
493814044,Hoodie,2,49.02,46
493814044,Hoodie,3,49.21,45
493814044,Hoodie,4,49.16,45
493814044,Hoodie,5,45.48,50
493814044,Hoodie,6,43.98,53
493814044,Hoodie,7,51.45,43
493814044,Hoodie,8,49.53,45
493814044,Hoodie,9,49.29,45
493814044,Hoodie,10,49.29,45
508932044,Hoodie,1,45.29,104
508932044,Hoodie,2,50.54,90
508932044,Hoodie,3,43.69,109
508932044,Hoodie,4,48.31,96
508932044,Hoodie,5,41.42,117
508932044,Hoodie,6,51.39,88
508932044,Hoodie,7,47.91,97
508932044,Hoodie,8,43.14,111
508933015,Hoodie,1,47.71,76
508933015,Hoodie,2,40.96,93
508933015,Hoodie,3,42.38,89
508933015,Hoodie,4,43.16,87
508933015,Hoodie,5,43.48,86
508933015,Hoodie,6,52.05,68
508933015,Hoodie,7,40.02,96
508933015,Hoodie,8,40.63,94
508933015,Hoodie,9,50.41,71
508933015,Hoodie,10,43.83,85
508933016,Hoodie,1,41.4,68
508933016,Hoodie,2,46.15,59
508933016,Hoodie,3,46.29,59
508933016,Hoodie,4,42.21,67
508933016,Hoodie,5,47.46,57
508933016,Hoodie,6,51.21,52
508933016,Hoodie,7,42.75,66
508933016,Hoodie,8,46.16,59
508933036,Hoodie,1,42.83,90
508933036,Hoodie,2,51.02,72
508933036,Hoodie,3,51.05,72
508933036,Hoodie,4,42.83,90
508933036,Hoodie,5,49.4,75
508933036,Hoodie,6,51.23,71
508933036,Hoodie,7,51.34,71
508933036,Hoodie,8,40.56,97
508933036,Hoodie,9,41.19,95
508933036,Hoodie,10,47.3,79
509893020,Hoodie,1,49.4,69
509893020,Hoodie,2,48.89,69
509893020,Hoodie,3,42.74,83
509893020,Hoodie,4,49.88,68
509893020,Hoodie,5,41.88,85
509893020,Hoodie,6,45.19,77
509893020,Hoodie,7,47.56,72
509893020,Hoodie,8,45.96,75
509893020,Hoodie,9,50.98,66
509994017,Hoodie,1,46.83,90
509994017,Hoodie,2,47.38,88
509994017,Hoodie,3,47.24,89
509994017,Hoodie,4,48.23,86
509994017,Hoodie,5,47.48,88
509994017,Hoodie,6,45.33,94
509994017,Hoodie,7,52.23,78
509994017,Hoodie,8,49.25,84
510398018,Hoodie,1,42.3,82
510398018,Hoodie,2,50.06,65
510398018,Hoodie,3,50.26,65
510398018,Hoodie,4,43.08,80
510398018,Hoodie,5,40.23,87
510398018,Hoodie,6,41.14,85
510398018,Hoodie,7,43.79,78
510398018,Hoodie,8,41.55,83
518595001,Hoodie,1,46.16,37
518595001,Hoodie,2,41.69,43
518595001,Hoodie,3,40.91,44
518595001,Hoodie,4,47.91,35
518595001,Hoodie,5,49.13,34
518595001,Hoodie,6,50.16,33
518595001,Hoodie,7,48.97,34
518595001,Hoodie,8,47.68,36
526250009,Hoodie,1,47.97,33
526250009,Hoodie,2,40.73,41
526250009,Hoodie,3,40.55,42
526250009,Hoodie,4,43.58,38
526250009,Hoodie,5,47.8,33
526250009,Hoodie,6,47.04,34
526250009,Hoodie,7,47.91,33
526250009,Hoodie,8,48.0,33
526250009,Hoodie,9,42.76,39
526858004,Hoodie,1,51.88,60
526858004,Hoodie,2,46.28,70
526858004,Hoodie,3,40.91,83
526858004,Hoodie,4,43.09,77
526858004,Hoodie,5,45.21,72
526858004,Hoodie,6,46.4,70
526858004,Hoodie,7,52.09,60
526858004,Hoodie,8,52.24,60
526858004,Hoodie,9,48.95,65
526858004,Hoodie,10,46.65,70
533404010,Hoodie,1,45.12,51
533404010,Hoodie,2,45.16,51
533404010,Hoodie,3,50.76,44
533404010,Hoodie,4,49.22,45
533404010,Hoodie,5,49.54,45
533404010,Hoodie,6,43.33,54
533404010,Hoodie,7,45.29,51
533404010,Hoodie,8,50.01,44
533404010,Hoodie,9,47.4,48
533404010,Hoodie,10,48.2,47
533404021,Hoodie,1,49.14,95
533404021,Hoodie,2,40.77,121
533404021,Hoodie,3,50.75,91
533404021,Hoodie,4,46.91,101
533404021,Hoodie,5,43.76,110
533404021,Hoodie,6,51.62,89
533404021,Hoodie,7,52.47,87
533404021,Hoodie,8,48.54,96
533404030,Hoodie,1,46.11,49
533404030,Hoodie,2,46.3,49
533404030,Hoodie,3,51.77,42
533404030,Hoodie,4,47.34,48
533404030,Hoodie,5,47.99,47
533404030,Hoodie,6,51.52,43
533404030,Hoodie,7,46.6,49
533404030,Hoodie,8,44.44,52
533404030,Hoodie,9,42.9,54
539060022,Hoodie,1,52.11,70
539060022,Hoodie,2,50.59,72
539060022,Hoodie,3,43.2,89
539060022,Hoodie,4,49.17,75
539060022,Hoodie,5,48.65,76
539060022,Hoodie,6,51.26,71
539060022,Hoodie,7,45.53,83
539060022,Hoodie,8,49.22,75
541308010,Hoodie,1,50.52,36
541308010,Hoodie,2,46.61,40
541308010,Hoodie,3,46.83,40
541308010,Hoodie,4,41.3,47
541308010,Hoodie,5,43.34,44
541308010,Hoodie,6,48.68,38
541308010,Hoodie,7,52.44,34
541308010,Hoodie,8,48.68,38
541308025,Hoodie,1,42.62,104
541308025,Hoodie,2,40.15,113
541308025,Hoodie,3,50.26,84
541308025,Hoodie,4,40.39,112
541308025,Hoodie,5,44.55,98
541308025,Hoodie,6,47.2,91
541308025,Hoodie,7,48.61,88
541308025,Hoodie,8,44.94,97
541308025,Hoodie,9,48.28,88
541308025,Hoodie,10,47.51,90
541308026,Hoodie,1,50.49,46
541308026,Hoodie,2,47.27,50
541308026,Hoodie,3,46.95,50
541308026,Hoodie,4,43.04,57
541308026,Hoodie,5,40.52,61
541308026,Hoodie,6,52.37,44
541308026,Hoodie,7,40.2,62
541308026,Hoodie,8,44.87,54
541308026,Hoodie,9,52.0,44
541308026,Hoodie,10,40.73,61
542551002,Hoodie,1,44.24,107
542551002,Hoodie,2,42.24,114
542551002,Hoodie,3,42.48,113
542551002,Hoodie,4,52.46,86
542551002,Hoodie,5,45.14,105
542551002,Hoodie,6,50.62,90
542551002,Hoodie,7,48.38,95
542551002,Hoodie,8,46.16,102
548546005,Hoodie,1,43.89,52
548546005,Hoodie,2,40.77,57
548546005,Hoodie,3,52.27,41
548546005,Hoodie,4,40.21,58
548546005,Hoodie,5,43.24,53
548546005,Hoodie,6,43.95,52
548546005,Hoodie,7,51.17,42
548546005,Hoodie,8,41.43,56
548546005,Hoodie,9,42.1,55
548546005,Hoodie,10,46.97,47
551045017,Hoodie,1,51.44,47
551045017,Hoodie,2,43.03,59
551045017,Hoodie,3,51.07,47
551045017,Hoodie,4,42.13,61
551045017,Hoodie,5,49.59,49
551045017,Hoodie,6,44.22,57
551045017,Hoodie,7,51.83,46
551045017,Hoodie,8,41.28,62
551045017,Hoodie,9,45.62,55
551045044,Hoodie,1,40.33,116
551045044,Hoodie,2,45.38,99
551045044,Hoodie,3,49.34,89
551045044,Hoodie,4,43.38,105
551045044,Hoodie,5,49.13,90
551045044,Hoodie,6,45.09,100
551045044,Hoodie,7,46.63,96
551045044,Hoodie,8,51.34,85
551045044,Hoodie,9,50.66,86
551045045,Hoodie,1,47.08,99
551045045,Hoodie,2,49.6,92
551045045,Hoodie,3,48.18,96
551045045,Hoodie,4,49.32,93
551045045,Hoodie,5,51.02,89
551045045,Hoodie,6,41.48,117
551045045,Hoodie,7,46.67,100
551045045,Hoodie,8,43.49,110
551045045,Hoodie,9,44.98,105
555990005,Hoodie,1,48.36,90
555990005,Hoodie,2,52.47,81
555990005,Hoodie,3,41.18,111
555990005,Hoodie,4,42.02,109
555990005,Hoodie,5,48.64,90
555990005,Hoodie,6,43.88,103
555990005,Hoodie,7,49.67,87
555990005,Hoodie,8,45.11,99
555990005,Hoodie,9,51.92,82
555990005,Hoodie,10,44.55,101
557246003,Hoodie,1,44.51,95
557246003,Hoodie,2,51.75,78
557246003,Hoodie,3,45.16,93
557246003,Hoodie,4,43.77,97
557246003,Hoodie,5,41.49,104
557246003,Hoodie,6,42.05,102
557246003,Hoodie,7,47.24,88
557246003,Hoodie,8,49.81,82
557246003,Hoodie,9,51.26,79
557248002,Hoodie,1,52.21,83
557248002,Hoodie,2,49.19,89
557248002,Hoodie,3,42.6,108
557248002,Hoodie,4,42.91,107
557248002,Hoodie,5,49.94,88
557248002,Hoodie,6,49.21,89
557248002,Hoodie,7,43.69,104
557248002,Hoodie,8,48.87,90
564065007,Hoodie,1,45.6,36
564065007,Hoodie,2,44.07,37
564065007,Hoodie,3,42.22,39
564065007,Hoodie,4,43.08,38
564065007,Hoodie,5,41.49,40
564065007,Hoodie,6,45.59,36
564065007,Hoodie,7,51.25,30
564065007,Hoodie,8,51.41,30
567047001,Hoodie,1,49.49,38
567047001,Hoodie,2,51.26,36
567047001,Hoodie,3,52.45,35
567047001,Hoodie,4,44.55,44
567047001,Hoodie,5,43.19,45
567047001,Hoodie,6,41.66,48
567047001,Hoodie,7,41.21,48
567047001,Hoodie,8,41.73,48
569974004,Hoodie,1,47.86,65
569974004,Hoodie,2,47.87,65
569974004,Hoodie,3,52.38,58
569974004,Hoodie,4,42.15,77
569974004,Hoodie,5,40.7,80
569974004,Hoodie,6,40.88,80
569974004,Hoodie,7,49.71,62
569974004,Hoodie,8,43.55,74
569974004,Hoodie,9,46.84,67
569974020,Hoodie,1,51.37,66
569974020,Hoodie,2,43.51,82
569974020,Hoodie,3,47.57,73
569974020,Hoodie,4,46.33,76
569974020,Hoodie,5,50.46,68
569974020,Hoodie,6,48.23,72
569974020,Hoodie,7,42.84,84
569974020,Hoodie,8,51.59,66
569974020,Hoodie,9,47.03,74
569974020,Hoodie,10,45.86,77
572207021,Hoodie,1,40.93,55
572207021,Hoodie,2,48.29,44
572207021,Hoodie,3,49.34,43
572207021,Hoodie,4,45.06,49
572207021,Hoodie,5,49.9,43
572207021,Hoodie,6,43.87,50
572207021,Hoodie,7,48.19,45
572207021,Hoodie,8,51.59,41
572400003,Hoodie,1,40.65,45
572400003,Hoodie,2,49.28,35
572400003,Hoodie,3,45.27,39
572400003,Hoodie,4,50.58,34
572400003,Hoodie,5,42.55,43
572400003,Hoodie,6,45.14,39
572400003,Hoodie,7,49.74,35
572400003,Hoodie,8,47.49,37
572400003,Hoodie,9,48.67,36
572402003,Hoodie,1,43.56,60
572402003,Hoodie,2,50.85,49
572402003,Hoodie,3,50.41,50
572402003,Hoodie,4,45.05,58
572402003,Hoodie,5,45.06,58
572402003,Hoodie,6,43.37,61
572402003,Hoodie,7,50.06,50
572402003,Hoodie,8,45.15,58
572402003,Hoodie,9,49.49,51
572533002,Hoodie,1,40.84,96
572533002,Hoodie,2,49.1,75
572533002,Hoodie,3,41.21,95
572533002,Hoodie,4,50.14,73
572533002,Hoodie,5,41.44,94
572533002,Hoodie,6,43.39,88
572533002,Hoodie,7,49.18,75
572533002,Hoodie,8,49.11,75
581831009,Hoodie,1,49.05,50
581831009,Hoodie,2,51.8,46
581831009,Hoodie,3,41.41,62
581831009,Hoodie,4,41.62,62
581831009,Hoodie,5,42.04,61
581831009,Hoodie,6,44.92,56
581831009,Hoodie,7,45.41,55
581831009,Hoodie,8,47.09,52
594121002,Hoodie,1,49.09,59
594121002,Hoodie,2,52.35,54
594121002,Hoodie,3,47.6,61
594121002,Hoodie,4,50.44,57
594121002,Hoodie,5,43.34,69
594121002,Hoodie,6,44.19,68
594121002,Hoodie,7,46.31,64
594121002,Hoodie,8,45.61,65
594121002,Hoodie,9,41.61,73
594542004,Hoodie,1,42.14,102
594542004,Hoodie,2,44.67,94
594542004,Hoodie,3,42.36,101
594542004,Hoodie,4,45.37,93
594542004,Hoodie,5,47.47,87
594542004,Hoodie,6,48.63,84
594542004,Hoodie,7,48.48,85
594542004,Hoodie,8,40.34,108
594542004,Hoodie,9,51.7,78
594542004,Hoodie,10,45.94,91
594542022,Hoodie,1,50.96,53
594542022,Hoodie,2,40.73,71
594542022,Hoodie,3,52.08,52
594542022,Hoodie,4,43.96,65
594542022,Hoodie,5,46.89,59
594542022,Hoodie,6,46.29,60
594542022,Hoodie,7,45.06,62
594542022,Hoodie,8,51.35,53
594542022,Hoodie,9,40.76,71
613051004,Hoodie,1,49.7,36
613051004,Hoodie,2,45.15,41
613051004,Hoodie,3,42.87,43
613051004,Hoodie,4,48.36,37
613051004,Hoodie,5,51.08,35
613051004,Hoodie,6,48.01,37
613051004,Hoodie,7,45.51,40
613051004,Hoodie,8,47.38,38
622878002,Hoodie,1,52.01,72
622878002,Hoodie,2,51.72,72
622878002,Hoodie,3,47.01,82
622878002,Hoodie,4,51.17,73
622878002,Hoodie,5,52.14,71
622878002,Hoodie,6,42.5,93
622878002,Hoodie,7,45.77,85
622878002,Hoodie,8,41.66,96
622878011,Hoodie,1,43.67,40
622878011,Hoodie,2,52.19,32
622878011,Hoodie,3,45.35,38
622878011,Hoodie,4,44.46,39
622878011,Hoodie,5,50.37,33
622878011,Hoodie,6,44.6,39
622878011,Hoodie,7,40.42,44
622878011,Hoodie,8,50.46,33
622878011,Hoodie,9,41.27,43
622878011,Hoodie,10,49.79,34
622878018,Hoodie,1,44.41,111
622878018,Hoodie,2,45.74,107
622878018,Hoodie,3,45.75,107
622878018,Hoodie,4,40.16,127
622878018,Hoodie,5,42.66,117
622878018,Hoodie,6,49.99,96
622878018,Hoodie,7,46.32,106
622878018,Hoodie,8,44.38,112
622878018,Hoodie,9,48.77,99
625653017,Hoodie,1,45.06,34
625653017,Hoodie,2,43.64,35
625653017,Hoodie,3,41.14,38
625653017,Hoodie,4,48.96,30
625653017,Hoodie,5,40.69,39
625653017,Hoodie,6,51.66,28
625653017,Hoodie,7,46.52,32
625653017,Hoodie,8,50.96,29
625653017,Hoodie,9,52.28,28
625653022,Hoodie,1,41.89,49
625653022,Hoodie,2,41.57,49
625653022,Hoodie,3,40.68,50
625653022,Hoodie,4,48.46,40
625653022,Hoodie,5,43.78,46
625653022,Hoodie,6,48.92,40
625653022,Hoodie,7,48.81,40
625653022,Hoodie,8,45.76,43
628568001,Hoodie,1,50.51,95
628568001,Hoodie,2,47.47,103
628568001,Hoodie,3,47.37,104
628568001,Hoodie,4,41.74,122
628568001,Hoodie,5,52.11,91
628568001,Hoodie,6,50.86,94
628568001,Hoodie,7,40.03,129
628568001,Hoodie,8,44.26,113
628568001,Hoodie,9,47.36,104
628568001,Hoodie,10,48.06,102
632548001,Hoodie,1,45.9,80
632548001,Hoodie,2,47.77,76
632548001,Hoodie,3,48.65,74
632548001,Hoodie,4,50.62,70
632548001,Hoodie,5,49.69,72
632548001,Hoodie,6,47.2,77
632548001,Hoodie,7,44.78,83
632548001,Hoodie,8,49.59,72
633131002,Hoodie,1,47.79,51
633131002,Hoodie,2,45.45,55
633131002,Hoodie,3,43.21,59
633131002,Hoodie,4,40.74,63
633131002,Hoodie,5,42.68,60
633131002,Hoodie,6,41.07,63
633131002,Hoodie,7,51.94,46
633131002,Hoodie,8,49.16,50
633131002,Hoodie,9,46.49,53
633131002,Hoodie,10,47.2,52
637352004,Hoodie,1,42.72,99
637352004,Hoodie,2,40.59,106
637352004,Hoodie,3,44.68,93
637352004,Hoodie,4,43.32,97
637352004,Hoodie,5,51.45,78
637352004,Hoodie,6,48.4,84
637352004,Hoodie,7,40.31,107
637352004,Hoodie,8,41.88,101
637352005,Hoodie,1,49.69,69
637352005,Hoodie,2,48.34,72
637352005,Hoodie,3,45.56,77
637352005,Hoodie,4,52.29,65
637352005,Hoodie,5,40.93,89
637352005,Hoodie,6,40.36,91
637352005,Hoodie,7,50.45,68
637352005,Hoodie,8,49.49,69
637352005,Hoodie,9,43.6,82
638355009,Hoodie,1,40.33,112
638355009,Hoodie,2,45.57,95
638355009,Hoodie,3,48.75,87
638355009,Hoodie,4,42.78,104
638355009,Hoodie,5,50.03,84
638355009,Hoodie,6,47.84,89
638355009,Hoodie,7,44.45,99
638355009,Hoodie,8,42.06,106
638355009,Hoodie,9,50.68,83
