data/price_history.csv
sku_id,category,week,price,units_sold
651285001,Hoodie,1,42.9,86
651285001,Hoodie,2,42.1,88
651285001,Hoodie,3,52.14,67
651285001,Hoodie,4,42.78,86
651285001,Hoodie,5,46.28,78
651285001,Hoodie,6,48.09,74
651285001,Hoodie,7,51.43,68
651285001,Hoodie,8,52.36,66
651285001,Hoodie,9,40.4,93
654380005,Hoodie,1,48.15,64
654380005,Hoodie,2,48.86,62
654380005,Hoodie,3,41.86,76
654380005,Hoodie,4,47.16,65
654380005,Hoodie,5,46.24,67
654380005,Hoodie,6,42.03,76
654380005,Hoodie,7,50.63,59
654380005,Hoodie,8,48.3,63
654380005,Hoodie,9,50.59,60
654380005,Hoodie,10,48.97,62
657116001,Hoodie,1,46.98,40
657116001,Hoodie,2,42.47,45
657116001,Hoodie,3,51.03,36
657116001,Hoodie,4,51.72,35
657116001,Hoodie,5,50.74,36
657116001,Hoodie,6,43.98,43
657116001,Hoodie,7,49.32,37
657116001,Hoodie,8,43.54,44
657116001,Hoodie,9,51.65,35
657955005,Hoodie,1,46.41,103
657955005,Hoodie,2,46.4,103
657955005,Hoodie,3,52.35,88
657955005,Hoodie,4,49.77,94
657955005,Hoodie,5,48.36,98
657955005,Hoodie,6,41.31,120
657955005,Hoodie,7,48.95,96
657955005,Hoodie,8,51.38,90
659408004,Hoodie,1,47.04,48
659408004,Hoodie,2,49.22,45
659408004,Hoodie,3,45.07,51
659408004,Hoodie,4,45.99,50
659408004,Hoodie,5,49.06,46
659408004,Hoodie,6,45.06,51
659408004,Hoodie,7,43.07,54
659408004,Hoodie,8,47.1,48
659408004,Hoodie,9,51.43,43
669091007,Hoodie,1,44.38,64
669091007,Hoodie,2,45.03,63
669091007,Hoodie,3,46.87,59
669091007,Hoodie,4,46.3,60
669091007,Hoodie,5,47.68,58
669091007,Hoodie,6,46.1,61
669091007,Hoodie,7,44.15,64
669091007,Hoodie,8,47.07,59
669091007,Hoodie,9,44.86,63
669091007,Hoodie,10,50.25,54
669974003,Hoodie,1,42.67,56
669974003,Hoodie,2,45.35,52
669974003,Hoodie,3,41.66,58
669974003,Hoodie,4,41.9,57
669974003,Hoodie,5,43.15,55
669974003,Hoodie,6,44.84,52
669974003,Hoodie,7,41.37,58
669974003,Hoodie,8,41.43,58
669974003,Hoodie,9,41.78,58
670190001,Hoodie,1,46.84,104
670190001,Hoodie,2,50.79,94
670190001,Hoodie,3,47.81,101
670190001,Hoodie,4,51.33,92
670190001,Hoodie,5,47.81,101
670190001,Hoodie,6,50.29,95
670190001,Hoodie,7,45.66,107
670190001,Hoodie,8,48.4,100
670190001,Hoodie,9,51.7,91
672371002,Hoodie,1,46.15,34
672371002,Hoodie,2,46.3,34
672371002,Hoodie,3,48.79,31
672371002,Hoodie,4,52.22,29
672371002,Hoodie,5,46.78,33
672371002,Hoodie,6,46.73,33
672371002,Hoodie,7,51.75,29
672371002,Hoodie,8,48.13,32
674482002,Hoodie,1,48.99,37
674482002,Hoodie,2,48.91,38
674482002,Hoodie,3,45.83,41
674482002,Hoodie,4,43.24,44
674482002,Hoodie,5,40.7,48
674482002,Hoodie,6,46.76,40
674482002,Hoodie,7,41.87,46
674482002,Hoodie,8,40.79,48
674482002,Hoodie,9,51.71,35
674482002,Hoodie,10,51.65,35
675856001,Hoodie,1,48.99,100
675856001,Hoodie,2,42.93,119
675856001,Hoodie,3,48.54,101
675856001,Hoodie,4,50.02,97
675856001,Hoodie,5,47.78,103
675856001,Hoodie,6,42.78,119
675856001,Hoodie,7,49.36,99
675856001,Hoodie,8,46.73,106
675856001,Hoodie,9,41.1,126
675856001,Hoodie,10,45.29,111
677589002,Hoodie,1,44.46,100
677589002,Hoodie,2,47.73,91
677589002,Hoodie,3,40.71,112
677589002,Hoodie,4,50.66,84
677589002,Hoodie,5,50.97,83
677589002,Hoodie,6,43.29,103
677589002,Hoodie,7,43.17,104
677589002,Hoodie,8,45.84,96
677589002,Hoodie,9,49.85,86
677589002,Hoodie,10,50.22,85
679525001,Hoodie,1,47.26,105
679525001,Hoodie,2,52.1,92
679525001,Hoodie,3,42.89,119
679525001,Hoodie,4,40.96,126
679525001,Hoodie,5,46.73,106
679525001,Hoodie,6,41.04,126
679525001,Hoodie,7,45.1,112
679525001,Hoodie,8,44.39,114
679525001,Hoodie,9,45.9,109
679525001,Hoodie,10,40.77,127
682550029,Hoodie,1,43.18,96
682550029,Hoodie,2,40.42,105
682550029,Hoodie,3,48.27,83
682550029,Hoodie,4,48.63,82
682550029,Hoodie,5,48.46,83
682550029,Hoodie,6,49.84,80
682550029,Hoodie,7,51.1,77
682550029,Hoodie,8,42.39,99
682550029,Hoodie,9,41.24,102
684103001,Hoodie,1,46.58,54
684103001,Hoodie,2,51.63,47
684103001,Hoodie,3,51.97,47
684103001,Hoodie,4,47.77,53
684103001,Hoodie,5,47.03,54
684103001,Hoodie,6,51.9,47
684103001,Hoodie,7,48.44,52
684103001,Hoodie,8,47.12,53
684103001,Hoodie,9,45.84,55
685814011,Hoodie,1,48.64,70
685814011,Hoodie,2,41.81,85
685814011,Hoodie,3,52.13,64
685814011,Hoodie,4,45.5,76
685814011,Hoodie,5,49.58,68
685814011,Hoodie,6,47.54,72
685814011,Hoodie,7,46.3,75
685814011,Hoodie,8,45.93,75
685814023,Hoodie,1,48.1,89
685814023,Hoodie,2,42.43,105
685814023,Hoodie,3,48.03,89
685814023,Hoodie,4,46.76,92
685814023,Hoodie,5,40.8,110
685814023,Hoodie,6,47.54,90
685814023,Hoodie,7,42.1,106
685814023,Hoodie,8,43.04,103
685814023,Hoodie,9,50.27,84
685814023,Hoodie,10,40.74,110
686270004,Hoodie,1,48.06,61
686270004,Hoodie,2,49.8,58
686270004,Hoodie,3,51.23,56
686270004,Hoodie,4,50.57,57
686270004,Hoodie,5,41.11,74
686270004,Hoodie,6,48.79,59
686270004,Hoodie,7,43.16,70
686270004,Hoodie,8,40.68,75
686270004,Hoodie,9,49.44,58
697649001,Hoodie,1,51.84,29
697649001,Hoodie,2,45.09,35
697649001,Hoodie,3,51.36,29
697649001,Hoodie,4,44.17,36
697649001,Hoodie,5,50.04,30
697649001,Hoodie,6,49.95,31
697649001,Hoodie,7,49.56,31
697649001,Hoodie,8,50.59,30
697649001,Hoodie,9,40.38,40
699755081,Hoodie,1,49.12,35
699755081,Hoodie,2,52.34,32
699755081,Hoodie,3,48.56,36
699755081,Hoodie,4,40.41,46
699755081,Hoodie,5,50.43,34
699755081,Hoodie,6,51.36,33
699755081,Hoodie,7,48.25,36
699755081,Hoodie,8,52.07,33
699755081,Hoodie,9,50.4,34
700946005,Hoodie,1,42.11,108
700946005,Hoodie,2,42.45,107
700946005,Hoodie,3,46.36,95
700946005,Hoodie,4,45.25,99
700946005,Hoodie,5,49.33,88
700946005,Hoodie,6,40.96,112
700946005,Hoodie,7,50.59,85
700946005,Hoodie,8,42.96,105
700946005,Hoodie,9,48.41,90
708300001,Hoodie,1,41.32,57
708300001,Hoodie,2,51.45,43
708300001,Hoodie,3,44.19,52
708300001,Hoodie,4,49.37,45
708300001,Hoodie,5,43.32,54
708300001,Hoodie,6,46.02,50
708300001,Hoodie,7,50.26,44
708300001,Hoodie,8,41.01,58
708300001,Hoodie,9,47.34,48
708300001,Hoodie,10,51.88,42
717995005,Hoodie,1,46.71,77
717995005,Hoodie,2,42.98,86
717995005,Hoodie,3,46.7,77
717995005,Hoodie,4,51.75,67
717995005,Hoodie,5,45.24,80
717995005,Hoodie,6,44.51,82
717995005,Hoodie,7,43.12,86
717995005,Hoodie,8,50.06,70
717995005,Hoodie,9,47.88,75
721460002,Hoodie,1,43.92,39
721460002,Hoodie,2,40.93,42
721460002,Hoodie,3,46.25,36
721460002,Hoodie,4,41.07,42
721460002,Hoodie,5,52.11,31
721460002,Hoodie,6,46.13,36
721460002,Hoodie,7,45.53,37
721460002,Hoodie,8,49.42,33
721460002,Hoodie,9,50.91,32
730687001,Hoodie,1,48.12,45
730687001,Hoodie,2,41.25,55
730687001,Hoodie,3,47.96,45
730687001,Hoodie,4,52.44,40
730687001,Hoodie,5,43.46,51
730687001,Hoodie,6,42.32,53
730687001,Hoodie,7,47.2,46
730687001,Hoodie,8,46.26,47
730687001,Hoodie,9,49.64,43
733461001,Hoodie,1,48.57,33
733461001,Hoodie,2,47.45,34
733461001,Hoodie,3,50.39,31
733461001,Hoodie,4,42.77,39
733461001,Hoodie,5,44.76,36
733461001,Hoodie,6,52.16,30
733461001,Hoodie,7,45.58,36
733461001,Hoodie,8,45.02,36
734461004,Hoodie,1,44.62,103
734461004,Hoodie,2,50.05,88
734461004,Hoodie,3,47.17,95
734461004,Hoodie,4,41.78,112
734461004,Hoodie,5,45.81,99
734461004,Hoodie,6,51.08,86
734461004,Hoodie,7,45.83,99
734461004,Hoodie,8,43.74,105
734461004,Hoodie,9,42.54,109
734461004,Hoodie,10,46.79,96
738713029,Hoodie,1,40.73,70
738713029,Hoodie,2,47.58,57
738713029,Hoodie,3,40.22,71
738713029,Hoodie,4,50.14,53
738713029,Hoodie,5,49.9,54
738713029,Hoodie,6,40.76,70
738713029,Hoodie,7,41.14,69
738713029,Hoodie,8,43.96,63
738713029,Hoodie,9,43.96,63
738713039,Hoodie,1,49.12,51
738713039,Hoodie,2,44.4,58
738713039,Hoodie,3,48.53,51
738713039,Hoodie,4,49.88,50
738713039,Hoodie,5,48.93,51
738713039,Hoodie,6,49.7,50
738713039,Hoodie,7,40.69,65
738713039,Hoodie,8,48.33,52
739092032,Hoodie,1,52.32,37
739092032,Hoodie,2,44.07,47
739092032,Hoodie,3,40.02,53
739092032,Hoodie,4,51.49,38
739092032,Hoodie,5,51.92,38
739092032,Hoodie,6,50.07,39
739092032,Hoodie,7,43.7,47
739092032,Hoodie,8,52.09,37
739092032,Hoodie,9,51.54,38
739092032,Hoodie,10,52.47,37
740412001,Hoodie,1,44.77,79
740412001,Hoodie,2,46.66,75
740412001,Hoodie,3,41.77,87
740412001,Hoodie,4,44.31,80
740412001,Hoodie,5,41.47,87
740412001,Hoodie,6,47.2,74
740412001,Hoodie,7,48.2,72
740412001,Hoodie,8,50.46,68
740412001,Hoodie,9,41.92,86
740412001,Hoodie,10,45.17,78
741971001,Hoodie,1,49.93,63
741971001,Hoodie,2,46.54,69
741971001,Hoodie,3,44.08,74
741971001,Hoodie,4,42.98,76
741971001,Hoodie,5,42.12,78
741971001,Hoodie,6,47.28,67
741971001,Hoodie,7,42.78,77
741971001,Hoodie,8,51.54,60
741971001,Hoodie,9,47.56,67
741971002,Hoodie,1,49.09,49
741971002,Hoodie,2,41.11,61
741971002,Hoodie,3,51.59,46
741971002,Hoodie,4,47.33,51
741971002,Hoodie,5,45.99,53
741971002,Hoodie,6,47.29,51
741971002,Hoodie,7,41.43,61
741971002,Hoodie,8,50.01,47
750488002,Hoodie,1,44.8,103
750488002,Hoodie,2,45.62,101
750488002,Hoodie,3,43.81,106
750488002,Hoodie,4,44.53,104
750488002,Hoodie,5,51.56,86
750488002,Hoodie,6,42.66,110
750488002,Hoodie,7,44.22,105
750488002,Hoodie,8,49.87,90
750488002,Hoodie,9,50.15,89
753032004,Hoodie,1,42.32,76
753032004,Hoodie,2,50.26,61
753032004,Hoodie,3,41.84,78
753032004,Hoodie,4,44.39,72
753032004,Hoodie,5,45.43,70
753032004,Hoodie,6,49.16,63
753032004,Hoodie,7,41.42,79
753032004,Hoodie,8,43.01,75
754370005,Hoodie,1,47.58,53
754370005,Hoodie,2,44.09,58
754370005,Hoodie,3,41.58,63
754370005,Hoodie,4,52.31,47
754370005,Hoodie,5,48.77,51
754370005,Hoodie,6,51.4,48
754370005,Hoodie,7,51.34,48
754370005,Hoodie,8,45.93,55
754370005,Hoodie,9,52.14,47
754697018,Hoodie,1,50.59,30
754697018,Hoodie,2,52.39,29
754697018,Hoodie,3,42.11,38
754697018,Hoodie,4,46.56,34
754697018,Hoodie,5,48.18,32
754697018,Hoodie,6,48.35,32
754697018,Hoodie,7,52.47,29
754697018,Hoodie,8,45.06,35
754697018,Hoodie,9,45.16,35
754697018,Hoodie,10,47.3,33
758982004,Hoodie,1,41.78,117
758982004,Hoodie,2,49.26,94
758982004,Hoodie,3,49.12,95
758982004,Hoodie,4,45.54,104
758982004,Hoodie,5,41.48,118
758982004,Hoodie,6,42.43,115
758982004,Hoodie,7,45.85,104
758982004,Hoodie,8,50.93,90
758982004,Hoodie,9,50.69,91
759725002,Hoodie,1,41.85,120
759725002,Hoodie,2,49.36,97
759725002,Hoodie,3,52.16,90
759725002,Hoodie,4,48.81,99
759725002,Hoodie,5,47.07,103
759725002,Hoodie,6,45.96,107
759725002,Hoodie,7,46.31,106
759725002,Hoodie,8,43.17,116
759725002,Hoodie,9,51.42,92
759725002,Hoodie,10,52.21,90
761634002,Hoodie,1,50.18,54
761634002,Hoodie,2,49.53,55
761634002,Hoodie,3,43.62,65
761634002,Hoodie,4,43.0,66
761634002,Hoodie,5,49.51,55
761634002,Hoodie,6,50.25,54
761634002,Hoodie,7,42.13,68
761634002,Hoodie,8,40.44,72
762174002,Hoodie,1,41.29,119
762174002,Hoodie,2,45.6,104
762174002,Hoodie,3,40.6,121
762174002,Hoodie,4,43.87,110
762174002,Hoodie,5,41.53,118
762174002,Hoodie,6,41.53,118
762174002,Hoodie,7,45.65,104
762174002,Hoodie,8,42.72,114
762174002,Hoodie,9,42.82,113
762174002,Hoodie,10,42.02,116
769729004,Hoodie,1,46.66,85
769729004,Hoodie,2,45.78,87
769729004,Hoodie,3,41.36,99
769729004,Hoodie,4,42.25,97
769729004,Hoodie,5,46.92,84
769729004,Hoodie,6,41.46,99
769729004,Hoodie,7,46.43,85
769729004,Hoodie,8,47.55,83
769729005,Hoodie,1,44.1,83
769729005,Hoodie,2,44.49,82
769729005,Hoodie,3,41.16,91
769729005,Hoodie,4,43.03,86
769729005,Hoodie,5,51.31,68
769729005,Hoodie,6,45.25,80
769729005,Hoodie,7,40.1,94
769729005,Hoodie,8,41.73,89
782727001,Hoodie,1,50.38,35
782727001,Hoodie,2,50.11,35
782727001,Hoodie,3,50.87,35
782727001,Hoodie,4,40.27,47
782727001,Hoodie,5,40.95,46
782727001,Hoodie,6,47.08,38
782727001,Hoodie,7,40.65,47
782727001,Hoodie,8,48.16,37
782880006,Hoodie,1,50.64,53
782880006,Hoodie,2,47.16,58
782880006,Hoodie,3,51.7,51
782880006,Hoodie,4,46.62,59
782880006,Hoodie,5,44.12,63
782880006,Hoodie,6,41.63,68
782880006,Hoodie,7,50.49,53
782880006,Hoodie,8,51.03,52
791486001,Hoodie,1,42.24,51
791486001,Hoodie,2,44.22,48
791486001,Hoodie,3,51.36,39
791486001,Hoodie,4,50.48,40
791486001,Hoodie,5,46.94,44
791486001,Hoodie,6,45.5,46
791486001,Hoodie,7,50.14,40
791486001,Hoodie,8,49.92,41
791987002,Hoodie,1,40.72,54
791987002,Hoodie,2,41.84,52
791987002,Hoodie,3,48.45,43
791987002,Hoodie,4,51.44,40
791987002,Hoodie,5,45.08,48
791987002,Hoodie,6,45.77,47
791987002,Hoodie,7,44.8,48
791987002,Hoodie,8,48.25,43
791987002,Hoodie,9,47.14,45
791987002,Hoodie,10,45.59,47
795157003,Hoodie,1,49.94,64
795157003,Hoodie,2,41.5,81
795157003,Hoodie,3,52.24,60
795157003,Hoodie,4,43.35,77
795157003,Hoodie,5,41.38,81
795157003,Hoodie,6,52.38,60
795157003,Hoodie,7,41.19,82
795157003,Hoodie,8,46.38,70
799209002,Hoodie,1,45.15,36
799209002,Hoodie,2,51.32,30
799209002,Hoodie,3,45.88,35
799209002,Hoodie,4,51.38,30
799209002,Hoodie,5,50.46,31
799209002,Hoodie,6,47.39,34
799209002,Hoodie,7,48.03,33
799209002,Hoodie,8,46.64,35
799209002,Hoodie,9,45.33,36
801219001,Hoodie,1,45.95,42
801219001,Hoodie,2,40.68,49
801219001,Hoodie,3,42.56,46
801219001,Hoodie,4,52.0,36
801219001,Hoodie,5,43.66,45
801219001,Hoodie,6,49.92,38
801219001,Hoodie,7,44.09,44
801219001,Hoodie,8,41.71,48
801219001,Hoodie,9,45.13,43
803366002,Hoodie,1,46.39,94
803366002,Hoodie,2,44.29,100
803366002,Hoodie,3,43.07,104
803366002,Hoodie,4,44.77,99
803366002,Hoodie,5,45.48,97
803366002,Hoodie,6,43.41,103
803366002,Hoodie,7,42.66,105
803366002,Hoodie,8,50.81,84
803366002,Hoodie,9,42.9,104
803366002,Hoodie,10,47.52,91
805000007,Hoodie,1,51.16,84
805000007,Hoodie,2,42.46,107
805000007,Hoodie,3,48.61,90
805000007,Hoodie,4,48.49,90
805000007,Hoodie,5,48.9,89
805000007,Hoodie,6,42.08,108
805000007,Hoodie,7,44.45,101
805000007,Hoodie,8,49.33,88
805000007,Hoodie,9,50.34,86
805000007,Hoodie,10,50.56,85
805541003,Hoodie,1,47.01,77
805541003,Hoodie,2,46.21,79
805541003,Hoodie,3,41.8,90
805541003,Hoodie,4,52.23,68
805541003,Hoodie,5,41.76,90
805541003,Hoodie,6,42.84,87
805541003,Hoodie,7,42.76,88
805541003,Hoodie,8,48.54,74
805541003,Hoodie,9,47.17,77
805859002,Hoodie,1,44.68,60
805859002,Hoodie,2,40.98,67
805859002,Hoodie,3,44.38,60
805859002,Hoodie,4,40.38,68
805859002,Hoodie,5,42.68,63
805859002,Hoodie,6,49.86,52
805859002,Hoodie,7,46.49,57
805859002,Hoodie,8,43.0,63
805859002,Hoodie,9,42.04,65
805860002,Hoodie,1,40.58,51
805860002,Hoodie,2,48.65,40
805860002,Hoodie,3,43.22,47
805860002,Hoodie,4,43.2,47
805860002,Hoodie,5,41.64,49
805860002,Hoodie,6,43.68,46
805860002,Hoodie,7,44.28,45
805860002,Hoodie,8,51.22,37
806155003,Hoodie,1,49.06,67
806155003,Hoodie,2,41.2,84
806155003,Hoodie,3,42.97,80
806155003,Hoodie,4,52.24,62
806155003,Hoodie,5,45.67,74
806155003,Hoodie,6,43.52,79
806155003,Hoodie,7,42.01,82
806155003,Hoodie,8,51.85,62
816598008,Hoodie,1,40.75,39
816598008,Hoodie,2,47.1,32
816598008,Hoodie,3,45.81,33
816598008,Hoodie,4,43.72,35
816598008,Hoodie,5,47.1,32
816598008,Hoodie,6,47.41,32
816598008,Hoodie,7,45.89,33
816598008,Hoodie,8,45.56,33
823066006,Hoodie,1,41.52,49
823066006,Hoodie,2,45.02,44
823066006,Hoodie,3,51.4,37
823066006,Hoodie,4,48.23,40
823066006,Hoodie,5,52.37,36
823066006,Hoodie,6,44.48,45
823066006,Hoodie,7,44.8,44
823066006,Hoodie,8,42.33,48
823066006,Hoodie,9,41.75,49
823066006,Hoodie,10,42.11,48
834989001,Hoodie,1,47.99,80
834989001,Hoodie,2,51.22,73
834989001,Hoodie,3,44.72,87
834989001,Hoodie,4,51.92,72
834989001,Hoodie,5,51.18,73
834989001,Hoodie,6,41.83,95
834989001,Hoodie,7,49.06,77
834989001,Hoodie,8,46.09,84
840505006,Hoodie,1,46.94,86
840505006,Hoodie,2,49.88,80
840505006,Hoodie,3,49.29,81
840505006,Hoodie,4,41.55,101
840505006,Hoodie,5,50.68,78
840505006,Hoodie,6,50.75,78
840505006,Hoodie,7,51.94,76
840505006,Hoodie,8,44.44,93
840505013,Hoodie,1,49.25,72
840505013,Hoodie,2,44.84,81
840505013,Hoodie,3,43.16,85
840505013,Hoodie,4,43.7,84
840505013,Hoodie,5,51.64,68
840505013,Hoodie,6,49.21,72
840505013,Hoodie,7,51.54,68
840505013,Hoodie,8,48.72,73
840505013,Hoodie,9,42.91,86
844080003,Hoodie,1,44.96,48
844080003,Hoodie,2,42.13,52
844080003,Hoodie,3,45.88,46
844080003,Hoodie,4,47.78,44
844080003,Hoodie,5,40.26,55
844080003,Hoodie,6,47.14,45
844080003,Hoodie,7,44.17,49
844080003,Hoodie,8,48.01,44
844080003,Hoodie,9,51.57,40
844080003,Hoodie,10,40.45,55
862105003,Hoodie,1,48.38,76
862105003,Hoodie,2,49.82,73
862105003,Hoodie,3,45.14,83
862105003,Hoodie,4,48.2,76
862105003,Hoodie,5,40.47,96
862105003,Hoodie,6,46.87,79
862105003,Hoodie,7,41.82,92
862105003,Hoodie,8,43.53,87
869872002,Hoodie,1,43.74,114
869872002,Hoodie,2,50.31,95
869872002,Hoodie,3,52.01,91
869872002,Hoodie,4,45.68,107
869872002,Hoodie,5,47.24,103
869872002,Hoodie,6,48.67,99
869872002,Hoodie,7,43.0,116
869872002,Hoodie,8,49.89,96
869872002,Hoodie,9,52.0,91
869872002,Hoodie,10,50.42,94
874622002,Hoodie,1,50.09,74
874622002,Hoodie,2,46.84,81
874622002,Hoodie,3,44.76,86
874622002,Hoodie,4,47.17,80
874622002,Hoodie,5,52.09,71
874622002,Hoodie,6,40.03,100
874622002,Hoodie,7,44.74,86
874622002,Hoodie,8,41.3,96
874622002,Hoodie,9,44.71,86
874622002,Hoodie,10,40.74,97
886179001,Hoodie,1,42.15,53
886179001,Hoodie,2,40.83,55
886179001,Hoodie,3,41.1,55
886179001,Hoodie,4,46.09,47
886179001,Hoodie,5,51.74,41
886179001,Hoodie,6,52.16,40
886179001,Hoodie,7,47.09,46
886179001,Hoodie,8,48.61,44
886179001,Hoodie,9,47.71,45
917297004,Hoodie,1,40.73,57
917297004,Hoodie,2,41.48,56
917297004,Hoodie,3,46.85,47
917297004,Hoodie,4,44.81,50
917297004,Hoodie,5,41.35,56
917297004,Hoodie,6,42.0,55
917297004,Hoodie,7,45.72,49
917297004,Hoodie,8,52.44,41
917297004,Hoodie,9,43.83,52
920740001,Hoodie,1,40.52,47
920740001,Hoodie,2,41.88,45
920740001,Hoodie,3,42.57,44
920740001,Hoodie,4,44.44,41
920740001,Hoodie,5,43.16,43
920740001,Hoodie,6,42.25,44
920740001,Hoodie,7,41.82,45
920740001,Hoodie,8,47.9,38
